[info] Job ID: 315249.venus01
[info] Host: cnode-33-43-27
[info] Project dir: /home/svu/e0968015/unimodal
[info] Dataset dir: /hpctmp/scratch/e0968015/mosei
[info] Pickle: /hpctmp/scratch/e0968015/mosei/Processed/features.pkl
[info] Output dir: /home/svu/e0968015/unimodal
[info] Env: msa-unimodal
Loading anaconda3
  Loading requirement: /app1/modules/root/NUSREC gcc-4.8.2
[info] python: /home/svu/e0968015/.conda/envs/msa-unimodal/bin/python
Python 3.10.6
[info] torch ok | version: 2.6.0+cu124 | cuda: False
[info] features.pkl exists: /hpctmp/scratch/e0968015/mosei/Processed/features.pkl
Extracted feature dimensions: 
Audio: (1871, 982, 25)
Visual: (1871, 115, 1629)
Text: (1871, 75, 768)
==============================
[info] Starting MOSEI unimodal: text
==============================
{"epoch": 1, "train_mae": 0.8476027080574148, "val_mae": 0.777285371471509, "val_corr": 0.011223970066476416}
{"epoch": 2, "train_mae": 0.844837874582369, "val_mae": 0.7766475183067953, "val_corr": 0.05127859710822188}
{"epoch": 3, "train_mae": 0.8440894534093293, "val_mae": 0.7764982797448359, "val_corr": 0.06099589671473443}
{"epoch": 4, "train_mae": 0.8433936314106921, "val_mae": 0.7763919165145898, "val_corr": 0.07332804859621732}
{"epoch": 5, "train_mae": 0.8415901700869465, "val_mae": 0.7763631413927186, "val_corr": 0.0671839271696822}
{"epoch": 6, "train_mae": 0.8416743705417312, "val_mae": 0.7762363931828167, "val_corr": 0.07387368911524046}
{"epoch": 7, "train_mae": 0.8409988852746333, "val_mae": 0.7762215024070394, "val_corr": 0.07226375833733137}
{"epoch": 8, "train_mae": 0.8401360372974448, "val_mae": 0.7761077394082799, "val_corr": 0.074414360187869}
{"epoch": 9, "train_mae": 0.8408527276870555, "val_mae": 0.7764374270660873, "val_corr": 0.06663624464245671}
{"epoch": 10, "train_mae": 0.8399271368980408, "val_mae": 0.7762934097563245, "val_corr": 0.07244589618969613}
{"epoch": 11, "train_mae": 0.8407487843601205, "val_mae": 0.7765778903971375, "val_corr": 0.06479433493836463}
{"epoch": 12, "train_mae": 0.8393721801544122, "val_mae": 0.7764313912914119, "val_corr": 0.06486184738541609}
{"epoch": 13, "train_mae": 0.8391487859699824, "val_mae": 0.7762817304316592, "val_corr": 0.06873518015951538}
{"epoch": 14, "train_mae": 0.8392656076327696, "val_mae": 0.7763588264114649, "val_corr": 0.06885470678021093}
{"epoch": 15, "train_mae": 0.8378838655883318, "val_mae": 0.7761694193523495, "val_corr": 0.07344824060139019}
{"epoch": 16, "train_mae": 0.8386864876210572, "val_mae": 0.7762174947831415, "val_corr": 0.07317940360226154}
{"epoch": 17, "train_mae": 0.838292640832539, "val_mae": 0.7762094749479228, "val_corr": 0.0715770510679183}
{"epoch": 18, "train_mae": 0.8375920058463184, "val_mae": 0.7758901051695114, "val_corr": 0.07693747187841167}
{"epoch": 19, "train_mae": 0.8376748042797156, "val_mae": 0.7761171084556396, "val_corr": 0.07372047212633977}
{"epoch": 20, "train_mae": 0.8368443809376771, "val_mae": 0.7761629594958829, "val_corr": 0.07320904861436954}
{"epoch": 21, "train_mae": 0.8367220179675376, "val_mae": 0.7762334641130897, "val_corr": 0.07163228302413521}
{"epoch": 22, "train_mae": 0.8369077179879825, "val_mae": 0.7765780601317968, "val_corr": 0.06856266869675984}
{"epoch": 23, "train_mae": 0.836935537551947, "val_mae": 0.7765083578039401, "val_corr": 0.0675700162916723}
{"epoch": 24, "train_mae": 0.836514725610468, "val_mae": 0.776740077215997, "val_corr": 0.06627835072219505}
{"epoch": 25, "train_mae": 0.8361349009021154, "val_mae": 0.7767960035119191, "val_corr": 0.06569171554882358}
{"epoch": 26, "train_mae": 0.835895372930105, "val_mae": 0.7769414808965507, "val_corr": 0.06615774250939717}
{"epoch": 27, "train_mae": 0.8364592633718614, "val_mae": 0.7766030185175478, "val_corr": 0.06741423514406934}
{"epoch": 28, "train_mae": 0.8360764461254188, "val_mae": 0.7769059446774212, "val_corr": 0.0657243596758934}
{"epoch": 29, "train_mae": 0.8360123998848192, "val_mae": 0.7770159100543236, "val_corr": 0.06285961911562486}
{"epoch": 30, "train_mae": 0.8355940098048656, "val_mae": 0.7769207243356139, "val_corr": 0.06544996083249977}
DONE: {
  "dataset": "mosei",
  "modality": "text",
  "best_val_mae": 0.7758901051695114,
  "test_mae": 0.8375080251519734,
  "test_corr": 0.053010151712517696
}
[info] Finished MOSEI unimodal: text
==============================
[info] Starting MOSEI unimodal: audio
==============================
/home/svu/e0968015/.conda/envs/msa-unimodal/lib/python3.10/site-packages/torch/nn/modules/transformer.py:385: UserWarning: enable_nested_tensor is True, but self.use_nested_tensor is False because encoder_layer.norm_first was True
  warnings.warn(
{"epoch": 1, "train_mae": 78.18013152777566, "val_mae": 13.765261366174924, "val_corr": 0.019842633773723563}
{"epoch": 2, "train_mae": 67.8648981516142, "val_mae": 11.54008342797969, "val_corr": 0.016350529804598637}
{"epoch": 3, "train_mae": 64.25621342519025, "val_mae": 5.8982179153417915, "val_corr": -0.008435935174998289}
{"epoch": 4, "train_mae": 59.60884876213895, "val_mae": 6.039028708021122, "val_corr": -0.011796708292385692}
{"epoch": 5, "train_mae": 55.52648612244489, "val_mae": 7.465995609155, "val_corr": -0.062020303377448044}
{"epoch": 6, "train_mae": 51.52673953479983, "val_mae": 8.509566551220729, "val_corr": -0.0655813714596088}
{"epoch": 7, "train_mae": 47.87925815022388, "val_mae": 3.436318950561328, "val_corr": -0.0954639459485211}
{"epoch": 8, "train_mae": 44.194964283833066, "val_mae": 6.06369214284745, "val_corr": -0.08624469594904083}
{"epoch": 9, "train_mae": 40.15362312929038, "val_mae": 2.9722026904466508, "val_corr": -0.07069037968561334}
{"epoch": 10, "train_mae": 36.455621741755834, "val_mae": 3.9373007243741074, "val_corr": -0.0846155025966043}
{"epoch": 11, "train_mae": 30.97508798513394, "val_mae": 5.2471426592224875, "val_corr": -0.1292655018784805}
{"epoch": 12, "train_mae": 25.32850486471695, "val_mae": 8.849113333868765, "val_corr": -0.12480129038198104}
{"epoch": 13, "train_mae": 21.056482154562516, "val_mae": 10.620773348051364, "val_corr": -0.12147779490939092}
{"epoch": 14, "train_mae": 18.517343004155766, "val_mae": 9.021168050760894, "val_corr": -0.13539835485023763}
{"epoch": 15, "train_mae": 16.20982315022418, "val_mae": 7.203987064494098, "val_corr": -0.1309039964655049}
{"epoch": 16, "train_mae": 14.542083016113759, "val_mae": 6.687468246875888, "val_corr": -0.09682130529810291}
{"epoch": 17, "train_mae": 13.156094747046902, "val_mae": 6.298456953528857, "val_corr": -0.07335874035390208}
{"epoch": 18, "train_mae": 11.819895759254052, "val_mae": 5.465059051024347, "val_corr": -0.057981943059043625}
{"epoch": 19, "train_mae": 10.808555556370088, "val_mae": 4.5955093440876995, "val_corr": -0.03626020417000472}
{"epoch": 20, "train_mae": 9.830583280313272, "val_mae": 4.8830914887306465, "val_corr": -0.032889598054267194}
{"epoch": 21, "train_mae": 8.945400574902498, "val_mae": 3.6686546839474996, "val_corr": -0.010299580258288135}
{"epoch": 22, "train_mae": 8.334241374831377, "val_mae": 6.350477358289481, "val_corr": -0.000762895316405204}
{"epoch": 23, "train_mae": 7.726796385360091, "val_mae": 3.894287165443506, "val_corr": 0.0068714214856505345}
{"epoch": 24, "train_mae": 7.155403454009801, "val_mae": 4.0413477218195695, "val_corr": 0.016860749625405534}
{"epoch": 25, "train_mae": 6.593574774941819, "val_mae": 3.7576036774366695, "val_corr": -0.015113763492493245}
{"epoch": 26, "train_mae": 6.280186219691297, "val_mae": 3.7381390480355488, "val_corr": 0.013527896913419058}
{"epoch": 27, "train_mae": 5.755604152810084, "val_mae": 3.657444717921018, "val_corr": 0.019724115515832013}
{"epoch": 28, "train_mae": 5.502297582458377, "val_mae": 3.1625986430557065, "val_corr": 0.039697325734850304}
{"epoch": 29, "train_mae": 4.988654732004304, "val_mae": 2.9318445104765165, "val_corr": 0.024691312850240118}
{"epoch": 30, "train_mae": 4.6831801763486025, "val_mae": 2.738991390250699, "val_corr": 0.04545941854914758}
DONE: {
  "dataset": "mosei",
  "modality": "audio",
  "best_val_mae": 2.738991390250699,
  "test_mae": 2.867044837363776,
  "test_corr": -0.016421664572883198
}
[info] Finished MOSEI unimodal: audio
==============================
[info] Starting MOSEI unimodal: vision
==============================
/home/svu/e0968015/.conda/envs/msa-unimodal/lib/python3.10/site-packages/torch/nn/modules/transformer.py:385: UserWarning: enable_nested_tensor is True, but self.use_nested_tensor is False because encoder_layer.norm_first was True
  warnings.warn(
{"epoch": 1, "train_mae": 0.8502473770522325, "val_mae": 0.7777535789220618, "val_corr": 0.16957549991159718}
{"epoch": 2, "train_mae": 0.8397448957549616, "val_mae": 0.7698044341111298, "val_corr": 0.17423506898932958}
{"epoch": 3, "train_mae": 0.8334568869577695, "val_mae": 0.7779708683395182, "val_corr": 0.21620451283058753}
{"epoch": 4, "train_mae": 0.8303404210714911, "val_mae": 0.7764545259215754, "val_corr": 0.19756730703628958}
{"epoch": 5, "train_mae": 0.8296729449306682, "val_mae": 0.7721694862696017, "val_corr": 0.21160541243286818}
{"epoch": 6, "train_mae": 0.8263230865015676, "val_mae": 0.7596451643633371, "val_corr": 0.22149518554201347}
{"epoch": 7, "train_mae": 0.8251192562734078, "val_mae": 0.7645742389876724, "val_corr": 0.22053578413602767}
{"epoch": 8, "train_mae": 0.822131133126186, "val_mae": 0.7832541455565003, "val_corr": 0.22892475695892914}
{"epoch": 9, "train_mae": 0.8216073045292013, "val_mae": 0.7881605402152848, "val_corr": 0.23535265122708138}
{"epoch": 10, "train_mae": 0.8220819690922702, "val_mae": 0.7653676187972982, "val_corr": 0.23600949841824406}
{"epoch": 11, "train_mae": 0.8203486118997846, "val_mae": 0.7701008392488937, "val_corr": 0.23403727623006396}
{"epoch": 12, "train_mae": 0.8181689760106418, "val_mae": 0.7603483309661686, "val_corr": 0.2473212797176294}
{"epoch": 13, "train_mae": 0.8190951680950456, "val_mae": 0.7661039886596941, "val_corr": 0.24101145039919034}
{"epoch": 14, "train_mae": 0.8167438317534975, "val_mae": 0.7864690971272569, "val_corr": 0.25178355707512895}
{"epoch": 15, "train_mae": 0.81735854722749, "val_mae": 0.7546715394880987, "val_corr": 0.261718446370782}
{"epoch": 16, "train_mae": 0.8150592515729878, "val_mae": 0.7691464584693114, "val_corr": 0.23901608905202412}
{"epoch": 17, "train_mae": 0.8122153966277547, "val_mae": 0.7851777828548886, "val_corr": 0.24528852427007386}
{"epoch": 18, "train_mae": 0.8135604940048636, "val_mae": 0.7663168354126172, "val_corr": 0.2557209347343827}
{"epoch": 19, "train_mae": 0.8121126932174025, "val_mae": 0.7582204177505762, "val_corr": 0.27311780994016}
{"epoch": 20, "train_mae": 0.8105502841873878, "val_mae": 0.7632336410082068, "val_corr": 0.2740810263486215}
{"epoch": 21, "train_mae": 0.8097518767629351, "val_mae": 0.7577635715633455, "val_corr": 0.26279911323698996}
{"epoch": 22, "train_mae": 0.8090816657487193, "val_mae": 0.7542364876388803, "val_corr": 0.2749554482107544}
{"epoch": 23, "train_mae": 0.8063296995284273, "val_mae": 0.7805680357027284, "val_corr": 0.26730659392104367}
{"epoch": 24, "train_mae": 0.8063651423631583, "val_mae": 0.761087118910316, "val_corr": 0.26550929592535505}
{"epoch": 25, "train_mae": 0.8063690403436261, "val_mae": 0.7880598992857941, "val_corr": 0.2645745598018424}
{"epoch": 26, "train_mae": 0.8055910419694599, "val_mae": 0.7562599490505689, "val_corr": 0.27168970805018167}
{"epoch": 27, "train_mae": 0.805953973193458, "val_mae": 0.8123421437086618, "val_corr": 0.2627315863712705}
{"epoch": 28, "train_mae": 0.8042595176547475, "val_mae": 0.7712347055105906, "val_corr": 0.27279382671084446}
{"epoch": 29, "train_mae": 0.8050805396763079, "val_mae": 0.7725159442724231, "val_corr": 0.24780520887306115}
{"epoch": 30, "train_mae": 0.8016381513349231, "val_mae": 0.7686113194945278, "val_corr": 0.27122413598432044}
DONE: {
  "dataset": "mosei",
  "modality": "vision",
  "best_val_mae": 0.7542364876388803,
  "test_mae": 0.7926748453432154,
  "test_corr": 0.35667138109062263
}
[info] Finished MOSEI unimodal: vision
[info] All MOSEI unimodal runs completed.
[info] Metrics: /home/svu/e0968015/unimodal/metrics_mosei_*.json
