[info] Job ID: 375359.venus01
[info] Host: cnode-33-43-35
[info] Project dir: /home/svu/e0968015/unimodal
[info] Dataset dir: /hpctmp/scratch/e0968015/mosei
[info] Pickle: /hpctmp/scratch/e0968015/mosei/Processed/features.pkl
[info] Output dir: /home/svu/e0968015/unimodal
[info] Env: msa-unimodal
Loading anaconda3
  Loading requirement: /app1/modules/root/NUSREC gcc-4.8.2
[info] python: /home/svu/e0968015/.conda/envs/msa-unimodal/bin/python
Python 3.10.6
[info] torch ok | version: 2.6.0+cu124 | cuda: False
[info] features.pkl exists: /hpctmp/scratch/e0968015/mosei/Processed/features.pkl
==============================
[info] Starting MOSEI unimodal: vision
==============================
/home/svu/e0968015/.conda/envs/msa-unimodal/lib/python3.10/site-packages/torch/nn/modules/transformer.py:508: UserWarning: The PyTorch API of nested tensors is in prototype stage and will change in the near future. We recommend specifying layout=torch.jagged when constructing a nested tensor, as this layout receives active development, has better operator coverage, and works with torch.compile. (Triggered internally at /pytorch/aten/src/ATen/NestedTensorImpl.cpp:178.)
  output = torch._nested_tensor_from_mask(
[warn] Found 12 non-positive lengths for modality 'vision'. Recomputing them from X.shape[0].
[warn] Found 1 non-positive lengths for modality 'vision'. Recomputing them from X.shape[0].
{"epoch": 1, "train_mae": 0.7947394154792609, "val_mae": 0.73758220525208, "val_corr": 0.07359744216823828}
{"epoch": 2, "train_mae": 0.7526586090409478, "val_mae": 0.7250365831383966, "val_corr": 0.10677263504238423}
{"epoch": 3, "train_mae": 0.7367880926575772, "val_mae": 0.718619796923913, "val_corr": 0.13441079115139382}
{"epoch": 4, "train_mae": 0.7291320985139802, "val_mae": 0.7208559391487511, "val_corr": 0.14714211525123314}
{"epoch": 5, "train_mae": 0.7248476189236308, "val_mae": 0.7267688090871254, "val_corr": 0.13504533812344816}
{"epoch": 6, "train_mae": 0.7259503651496976, "val_mae": 0.7205728135853315, "val_corr": 0.138326078343894}
{"epoch": 7, "train_mae": 0.7074873811283777, "val_mae": 0.7227451318566913, "val_corr": 0.1431814586310691}
{"epoch": 8, "train_mae": 0.7275508254073387, "val_mae": 0.7178318647918229, "val_corr": 0.14293566860729914}
{"epoch": 9, "train_mae": 0.7072130136711653, "val_mae": 0.7178788022980255, "val_corr": 0.14780996484254816}
{"epoch": 10, "train_mae": 0.7064348182012868, "val_mae": 0.720694069515977, "val_corr": 0.14966362844384107}
{"epoch": 11, "train_mae": 0.7125121403572171, "val_mae": 0.7261447877014254, "val_corr": 0.14293503582624786}
{"epoch": 12, "train_mae": 0.696401382948077, "val_mae": 0.7193601105644308, "val_corr": 0.15024514716955428}
{"epoch": 13, "train_mae": 0.7068818880375042, "val_mae": 0.724576454074158, "val_corr": 0.14523534551725642}
{"epoch": 14, "train_mae": 0.6940815705199574, "val_mae": 0.7302099335506858, "val_corr": 0.14791846272866804}
{"epoch": 15, "train_mae": 0.6990265298721402, "val_mae": 0.7349937555410394, "val_corr": 0.14381840537664473}
{"epoch": 16, "train_mae": 0.70341956615448, "val_mae": 0.7391202460853541, "val_corr": 0.14474303754557233}
{"epoch": 17, "train_mae": 0.693163218193276, "val_mae": 0.7454641510198436, "val_corr": 0.13416531809831697}
{"epoch": 18, "train_mae": 0.7079626903977505, "val_mae": 0.7376682636726769, "val_corr": 0.1363710257327045}
{"epoch": 19, "train_mae": 0.6872529948866645, "val_mae": 0.7413111779568184, "val_corr": 0.13336391716825038}
{"epoch": 20, "train_mae": 0.6891499324593433, "val_mae": 0.7481763292869792, "val_corr": 0.14139779257825189}
{"epoch": 21, "train_mae": 0.6857051653570907, "val_mae": 0.7380254519225272, "val_corr": 0.13852965265993103}
{"epoch": 22, "train_mae": 0.6961076838332553, "val_mae": 0.7483795636219809, "val_corr": 0.14330950852931768}
{"epoch": 23, "train_mae": 0.6865102693785069, "val_mae": 0.7517634138257647, "val_corr": 0.13308051024742099}
{"epoch": 24, "train_mae": 0.6831095492423966, "val_mae": 0.7529263551673713, "val_corr": 0.14363757726050255}
{"epoch": 25, "train_mae": 0.6885203781516053, "val_mae": 0.7491902229037867, "val_corr": 0.1416672608401732}
{"epoch": 26, "train_mae": 0.681498379901398, "val_mae": 0.7566269490597237, "val_corr": 0.14082202201089733}
{"epoch": 27, "train_mae": 0.6846124235280725, "val_mae": 0.7445751651545764, "val_corr": 0.14731520516911192}
{"epoch": 28, "train_mae": 0.6811622353487237, "val_mae": 0.760844007341718, "val_corr": 0.14340748680746276}
{"epoch": 29, "train_mae": 0.6748116737188294, "val_mae": 0.7534802630658864, "val_corr": 0.133167217244571}
{"epoch": 30, "train_mae": 0.6764720799617989, "val_mae": 0.757938319417019, "val_corr": 0.13958400081338973}
DONE: {
  "dataset": "mosei",
  "modality": "vision",
  "best_val_mae": 0.7178318647918229,
  "test_mae": 0.7435124856590994,
  "test_corr": 0.2664955920857335
}
[info] Finished MOSEI unimodal: vision
==============================
[info] Starting MOSEI unimodal: text
==============================
{"epoch": 1, "train_mae": 0.7276317778714868, "val_mae": 0.7090604213142689, "val_corr": 0.14388991096574907}
{"epoch": 2, "train_mae": 0.7174736074236936, "val_mae": 0.6962251744277694, "val_corr": 0.2382711576153006}
{"epoch": 3, "train_mae": 0.707477310369181, "val_mae": 0.6858441914436069, "val_corr": 0.2849494313171423}
{"epoch": 4, "train_mae": 0.6790224117941634, "val_mae": 0.6798213681629305, "val_corr": 0.3071787259661212}
{"epoch": 5, "train_mae": 0.667584142366121, "val_mae": 0.6740272955326982, "val_corr": 0.3310311399724145}
{"epoch": 6, "train_mae": 0.6592981545904348, "val_mae": 0.6696406063009083, "val_corr": 0.3450569247562838}
{"epoch": 7, "train_mae": 0.6642697813899018, "val_mae": 0.6673061165964401, "val_corr": 0.35217898969056566}
{"epoch": 8, "train_mae": 0.655673986950586, "val_mae": 0.6643231103003854, "val_corr": 0.36301418930933743}
{"epoch": 9, "train_mae": 0.6528628988321438, "val_mae": 0.6625803751407487, "val_corr": 0.36915619263430194}
{"epoch": 10, "train_mae": 0.6390506883346757, "val_mae": 0.6610748366189335, "val_corr": 0.37420068193238337}
{"epoch": 11, "train_mae": 0.6486840591181157, "val_mae": 0.6606464537070744, "val_corr": 0.3738690387542265}
{"epoch": 12, "train_mae": 0.641620795394099, "val_mae": 0.6584186701354509, "val_corr": 0.37997449289010793}
{"epoch": 13, "train_mae": 0.6307738258741623, "val_mae": 0.6593731606762044, "val_corr": 0.3776330935299413}
{"epoch": 14, "train_mae": 0.63431257321391, "val_mae": 0.6569443043822298, "val_corr": 0.38282978586312316}
{"epoch": 15, "train_mae": 0.6358337319174479, "val_mae": 0.654260199810659, "val_corr": 0.39226969976417414}
{"epoch": 16, "train_mae": 0.6213545816582303, "val_mae": 0.6534025433258811, "val_corr": 0.39374108264323315}
{"epoch": 17, "train_mae": 0.6247863235861756, "val_mae": 0.6527450420019985, "val_corr": 0.39695367521113484}
{"epoch": 18, "train_mae": 0.6332932717578356, "val_mae": 0.6530989156071517, "val_corr": 0.39678633848682104}
{"epoch": 19, "train_mae": 0.6218457284361817, "val_mae": 0.6558911748794721, "val_corr": 0.3979355222736523}
{"epoch": 20, "train_mae": 0.6224402844212776, "val_mae": 0.651868663210036, "val_corr": 0.4056829773614887}
{"epoch": 21, "train_mae": 0.6156792671874513, "val_mae": 0.6508358022344904, "val_corr": 0.40808967578027233}
{"epoch": 22, "train_mae": 0.6114162877202034, "val_mae": 0.6481581603909571, "val_corr": 0.41105252261065706}
{"epoch": 23, "train_mae": 0.6110981740923815, "val_mae": 0.6477834205539001, "val_corr": 0.4121712539439164}
{"epoch": 24, "train_mae": 0.6101236714180126, "val_mae": 0.6476583443985103, "val_corr": 0.4132535744300923}
{"epoch": 25, "train_mae": 0.6085915302121362, "val_mae": 0.6463851972930766, "val_corr": 0.4155334384084743}
{"epoch": 26, "train_mae": 0.6029466608929079, "val_mae": 0.6456694661926081, "val_corr": 0.4185969711752585}
{"epoch": 27, "train_mae": 0.6023891686007034, "val_mae": 0.6451762997569772, "val_corr": 0.41959455711287064}
{"epoch": 28, "train_mae": 0.6030787856772889, "val_mae": 0.6447230608791251, "val_corr": 0.4180149404996241}
{"epoch": 29, "train_mae": 0.607128621187321, "val_mae": 0.6435089243987613, "val_corr": 0.423854796318061}
{"epoch": 30, "train_mae": 0.6011719703674316, "val_mae": 0.6430996101827489, "val_corr": 0.4239504785399337}
DONE: {
  "dataset": "mosei",
  "modality": "text",
  "best_val_mae": 0.6430996101827489,
  "test_mae": 0.6412224778815441,
  "test_corr": 0.5598056780209995
}
[info] Finished MOSEI unimodal: text
==============================
[info] Starting MOSEI unimodal: audio
==============================
/home/svu/e0968015/.conda/envs/msa-unimodal/lib/python3.10/site-packages/torch/nn/modules/transformer.py:508: UserWarning: The PyTorch API of nested tensors is in prototype stage and will change in the near future. We recommend specifying layout=torch.jagged when constructing a nested tensor, as this layout receives active development, has better operator coverage, and works with torch.compile. (Triggered internally at /pytorch/aten/src/ATen/NestedTensorImpl.cpp:178.)
  output = torch._nested_tensor_from_mask(
{"epoch": 1, "train_mae": 0.7587227052034333, "val_mae": 0.6956462790092692, "val_corr": 0.232484421729068}
{"epoch": 2, "train_mae": 0.7441880418810733, "val_mae": 0.6914501864537942, "val_corr": 0.25120772995182283}
{"epoch": 3, "train_mae": 0.7251394786113916, "val_mae": 0.7041492506378032, "val_corr": 0.2533884891581956}
{"epoch": 4, "train_mae": 0.7229369909957398, "val_mae": 0.6911877716158789, "val_corr": 0.25435212499039395}
{"epoch": 5, "train_mae": 0.7264784376981647, "val_mae": 0.701016763631122, "val_corr": 0.23373313251254146}
{"epoch": 6, "train_mae": 0.721379889998325, "val_mae": 0.7114953803131717, "val_corr": 0.2539414799097445}
{"epoch": 7, "train_mae": 0.7163613308654275, "val_mae": 0.706888350305454, "val_corr": 0.24790065924531043}
{"epoch": 8, "train_mae": 0.7212257600107859, "val_mae": 0.6929176741810817, "val_corr": 0.2584450366346565}
{"epoch": 9, "train_mae": 0.7146139595397684, "val_mae": 0.7280953604802834, "val_corr": 0.24913275816574176}
{"epoch": 10, "train_mae": 0.7164011469414068, "val_mae": 0.6932833139457879, "val_corr": 0.2556569368555218}
{"epoch": 11, "train_mae": 0.7064944453710733, "val_mae": 0.6928785400007387, "val_corr": 0.2537585984813341}
{"epoch": 12, "train_mae": 0.7148742890635202, "val_mae": 0.7042322144073534, "val_corr": 0.24902302277502264}
{"epoch": 13, "train_mae": 0.7148380865191304, "val_mae": 0.6929171206962196, "val_corr": 0.25069883492608513}
{"epoch": 14, "train_mae": 0.7093788626668758, "val_mae": 0.6937513638869319, "val_corr": 0.2562737298827401}
{"epoch": 15, "train_mae": 0.714340288625207, "val_mae": 0.6913317020009437, "val_corr": 0.2572908685520223}
{"epoch": 16, "train_mae": 0.7077640807905863, "val_mae": 0.6989200421057676, "val_corr": 0.2559922279519226}
{"epoch": 17, "train_mae": 0.728467183057652, "val_mae": 0.7014498703262353, "val_corr": 0.26267142967148543}
{"epoch": 18, "train_mae": 0.7153369579897371, "val_mae": 0.6905092806130694, "val_corr": 0.25905097768618485}
{"epoch": 19, "train_mae": 0.7190244388441707, "val_mae": 0.693682282932759, "val_corr": 0.25838831290044956}
{"epoch": 20, "train_mae": 0.7073559566985729, "val_mae": 0.6948919959562087, "val_corr": 0.2596328483829834}
{"epoch": 21, "train_mae": 0.7068024575710297, "val_mae": 0.6971004698339165, "val_corr": 0.26113195004226897}
{"epoch": 22, "train_mae": 0.7056095922409102, "val_mae": 0.7021232616772424, "val_corr": 0.26078203977312653}
{"epoch": 23, "train_mae": 0.7043119684554809, "val_mae": 0.6960499780439704, "val_corr": 0.2592435137164149}
{"epoch": 24, "train_mae": 0.717504793128302, "val_mae": 0.6921046542973939, "val_corr": 0.2584810333991176}
{"epoch": 25, "train_mae": 0.7140622152838596, "val_mae": 0.6918873263658291, "val_corr": 0.2588932421400327}
{"epoch": 26, "train_mae": 0.7066396152557328, "val_mae": 0.7029198129910406, "val_corr": 0.2602150450818631}
{"epoch": 27, "train_mae": 0.708323129387789, "val_mae": 0.6924852595262955, "val_corr": 0.2638957632194967}
{"epoch": 28, "train_mae": 0.7071723813234374, "val_mae": 0.6909501073533637, "val_corr": 0.26400652677625913}
{"epoch": 29, "train_mae": 0.7064704832642578, "val_mae": 0.6909827437983046, "val_corr": 0.2639074256835983}
{"epoch": 30, "train_mae": 0.7072303842666537, "val_mae": 0.6914037670565905, "val_corr": 0.26268443000213876}
DONE: {
  "dataset": "mosei",
  "modality": "audio",
  "best_val_mae": 0.6905092806130694,
  "test_mae": 0.7649872026314357,
  "test_corr": 0.22703494955888626
}
[info] Finished MOSEI unimodal: audio
[info] All MOSEI unimodal runs completed.
[info] Metrics: /home/svu/e0968015/unimodal/metrics_mosei_*.json
