[info] Job ID: 375360.venus01
[info] Host: cnode-33-43-23
[info] Project dir: /home/svu/e0968015/unimodal
[info] Dataset dir: /hpctmp/scratch/e0968015/chsims
[info] Pickle: /hpctmp/scratch/e0968015/chsims/Processed/features.pkl
[info] Output dir: /hpctmp/scratch/e0968015/chsims
[info] Env: msa-unimodal
Loading anaconda3
  Loading requirement: /app1/modules/root/NUSREC gcc-4.8.2
[info] python: /home/svu/e0968015/.conda/envs/msa-unimodal/bin/python
Python 3.10.6
[info] torch ok | version: 2.6.0+cu124 | cuda: False
[info] features.pkl exists: /hpctmp/scratch/e0968015/chsims/Processed/features.pkl
==============================
[info] Starting CH-SIMS unimodal: text
==============================
{"epoch": 1, "train_mae": 0.5734375618224921, "val_mae": 0.5478366847384658, "val_corr": 0.3489088864748079}
{"epoch": 2, "train_mae": 0.5108572454300038, "val_mae": 0.511473549204595, "val_corr": 0.45539663271680314}
{"epoch": 3, "train_mae": 0.47048570874125456, "val_mae": 0.488628493578762, "val_corr": 0.49553995471153656}
{"epoch": 4, "train_mae": 0.444490225162617, "val_mae": 0.4738860108200144, "val_corr": 0.5184233620588243}
{"epoch": 5, "train_mae": 0.42801244972750196, "val_mae": 0.4638072088291693, "val_corr": 0.5343686768792277}
{"epoch": 6, "train_mae": 0.41611221450012786, "val_mae": 0.45994371535052103, "val_corr": 0.5462993006232663}
{"epoch": 7, "train_mae": 0.40893271669398906, "val_mae": 0.4526449300037838, "val_corr": 0.5567158785975648}
{"epoch": 8, "train_mae": 0.40944042143433595, "val_mae": 0.44886479495666126, "val_corr": 0.5641568709426082}
{"epoch": 9, "train_mae": 0.4084594785127529, "val_mae": 0.44576435811368537, "val_corr": 0.5692824404490134}
{"epoch": 10, "train_mae": 0.39548977273841235, "val_mae": 0.44308546632297996, "val_corr": 0.5719917279622446}
{"epoch": 11, "train_mae": 0.39283393583325454, "val_mae": 0.4433313215718572, "val_corr": 0.5740735691577913}
{"epoch": 12, "train_mae": 0.3942057168067888, "val_mae": 0.4410204942664923, "val_corr": 0.5780373245883693}
{"epoch": 13, "train_mae": 0.39581932439360507, "val_mae": 0.43705326696451885, "val_corr": 0.5792139679791249}
{"epoch": 14, "train_mae": 0.39169246582097783, "val_mae": 0.43942686873941555, "val_corr": 0.5803464545704871}
{"epoch": 15, "train_mae": 0.3900216145570888, "val_mae": 0.4349886361377132, "val_corr": 0.5817560776012284}
{"epoch": 16, "train_mae": 0.38688911255015884, "val_mae": 0.44004387464921296, "val_corr": 0.5823998625768503}
{"epoch": 17, "train_mae": 0.38115600427222807, "val_mae": 0.435256491857113, "val_corr": 0.5824610367046051}
{"epoch": 18, "train_mae": 0.3820296075454978, "val_mae": 0.4335934706780789, "val_corr": 0.5837730401820301}
{"epoch": 19, "train_mae": 0.38194247560445654, "val_mae": 0.43436594134688933, "val_corr": 0.5853572700769275}
{"epoch": 20, "train_mae": 0.3779662828459296, "val_mae": 0.43103164977968383, "val_corr": 0.5865228057623636}
{"epoch": 21, "train_mae": 0.37239275283591694, "val_mae": 0.43328889591800746, "val_corr": 0.5856845323752139}
{"epoch": 22, "train_mae": 0.3742522479489792, "val_mae": 0.43241967005191667, "val_corr": 0.5867556632709336}
{"epoch": 23, "train_mae": 0.3762249641640242, "val_mae": 0.4319745923120419, "val_corr": 0.5862707436179245}
{"epoch": 24, "train_mae": 0.37964661696622537, "val_mae": 0.4336498951801377, "val_corr": 0.5870168803186488}
{"epoch": 25, "train_mae": 0.37690723340871723, "val_mae": 0.4310398606649691, "val_corr": 0.5880614024598425}
{"epoch": 26, "train_mae": 0.3716609252746715, "val_mae": 0.43075475331620416, "val_corr": 0.5884273965583526}
{"epoch": 27, "train_mae": 0.3712163661108461, "val_mae": 0.4309535649312888, "val_corr": 0.587587871849089}
{"epoch": 28, "train_mae": 0.37056311237257583, "val_mae": 0.4315128355895902, "val_corr": 0.5874712035680767}
{"epoch": 29, "train_mae": 0.36792785310468007, "val_mae": 0.431532965192839, "val_corr": 0.5870324839091019}
{"epoch": 30, "train_mae": 0.372046627450821, "val_mae": 0.43302251972039296, "val_corr": 0.5877549781559934}
DONE: {
  "dataset": "chsims",
  "modality": "text",
  "best_val_mae": 0.43075475331620416,
  "test_mae": 0.3921261158856479,
  "test_corr": 0.6176344093744297
}
[info] Finished CH-SIMS unimodal: text
==============================
[info] Starting CH-SIMS unimodal: audio
==============================
/home/svu/e0968015/.conda/envs/msa-unimodal/lib/python3.10/site-packages/torch/nn/modules/transformer.py:508: UserWarning: The PyTorch API of nested tensors is in prototype stage and will change in the near future. We recommend specifying layout=torch.jagged when constructing a nested tensor, as this layout receives active development, has better operator coverage, and works with torch.compile. (Triggered internally at /pytorch/aten/src/ATen/NestedTensorImpl.cpp:178.)
  output = torch._nested_tensor_from_mask(
{"epoch": 1, "train_mae": 0.6263930527276771, "val_mae": 0.5940080344953346, "val_corr": 0.12863639028144716}
{"epoch": 2, "train_mae": 0.6067859700252843, "val_mae": 0.5800751372135404, "val_corr": 0.16069998332165433}
{"epoch": 3, "train_mae": 0.6079149367504342, "val_mae": 0.5793476292670602, "val_corr": 0.13697800131838178}
{"epoch": 4, "train_mae": 0.6089309970306795, "val_mae": 0.5983818306989243, "val_corr": 0.11186427304302086}
{"epoch": 5, "train_mae": 0.6024499696701072, "val_mae": 0.5826048055056258, "val_corr": 0.12547995089189554}
{"epoch": 6, "train_mae": 0.6093687234922897, "val_mae": 0.5820416663492666, "val_corr": 0.11161741988634208}
{"epoch": 7, "train_mae": 0.6083866881076679, "val_mae": 0.5790631807937504, "val_corr": 0.11411181865918976}
{"epoch": 8, "train_mae": 0.6095876336790794, "val_mae": 0.5796355313090306, "val_corr": 0.11851367186161785}
{"epoch": 9, "train_mae": 0.603936790380367, "val_mae": 0.5798386289310603, "val_corr": 0.11623183680448952}
{"epoch": 10, "train_mae": 0.6108909564655881, "val_mae": 0.5778608355308427, "val_corr": 0.11696492591780605}
{"epoch": 11, "train_mae": 0.6077030786248141, "val_mae": 0.5962893259027826, "val_corr": 0.1146661001147112}
{"epoch": 12, "train_mae": 0.6015126226946365, "val_mae": 0.5851320306521479, "val_corr": 0.10585092918870848}
{"epoch": 13, "train_mae": 0.6007081828145093, "val_mae": 0.5786850017594776, "val_corr": 0.10729363663643275}
{"epoch": 14, "train_mae": 0.6038288484479106, "val_mae": 0.6036745610156052, "val_corr": 0.11030147823474583}
{"epoch": 15, "train_mae": 0.6057593105144279, "val_mae": 0.5804981956894651, "val_corr": 0.12179735127017392}
{"epoch": 16, "train_mae": 0.595671339956827, "val_mae": 0.5813525500584975, "val_corr": 0.11569082714058702}
{"epoch": 17, "train_mae": 0.5965041875146156, "val_mae": 0.5828210003040674, "val_corr": 0.1185112223635989}
{"epoch": 18, "train_mae": 0.602679223168728, "val_mae": 0.5817401832922533, "val_corr": 0.11410480180878846}
{"epoch": 19, "train_mae": 0.5977497218653213, "val_mae": 0.5772926685799035, "val_corr": 0.11020004888946677}
{"epoch": 20, "train_mae": 0.5965005658393683, "val_mae": 0.5775934452251452, "val_corr": 0.11443108271180899}
{"epoch": 21, "train_mae": 0.6059739887714386, "val_mae": 0.5781236173933404, "val_corr": 0.1204049227963079}
{"epoch": 22, "train_mae": 0.600124677253324, "val_mae": 0.5771140543718057, "val_corr": 0.12305408152561419}
{"epoch": 23, "train_mae": 0.5990294928467551, "val_mae": 0.5771432564100121, "val_corr": 0.12237944641192393}
{"epoch": 24, "train_mae": 0.6019393098215724, "val_mae": 0.5804807100635039, "val_corr": 0.12138017499889792}
{"epoch": 25, "train_mae": 0.6038975861183432, "val_mae": 0.5770856512385137, "val_corr": 0.12576807349627198}
{"epoch": 26, "train_mae": 0.6049480396647786, "val_mae": 0.5785784419205678, "val_corr": 0.12111476094437956}
{"epoch": 27, "train_mae": 0.5998731338700583, "val_mae": 0.5795751937205862, "val_corr": 0.11708459838513371}
{"epoch": 28, "train_mae": 0.6021698862314224, "val_mae": 0.5787066757402611, "val_corr": 0.10685133570121857}
{"epoch": 29, "train_mae": 0.6000919449467992, "val_mae": 0.5777219012494802, "val_corr": 0.11569131695989698}
{"epoch": 30, "train_mae": 0.6013911619435909, "val_mae": 0.5773858404970242, "val_corr": 0.11568973951343994}
DONE: {
  "dataset": "chsims",
  "modality": "audio",
  "best_val_mae": 0.5770856512385137,
  "test_mae": 0.5383341653665215,
  "test_corr": 0.11745829279481099
}
[info] Finished CH-SIMS unimodal: audio
==============================
[info] Starting CH-SIMS unimodal: vision
==============================
/home/svu/e0968015/.conda/envs/msa-unimodal/lib/python3.10/site-packages/torch/nn/modules/transformer.py:508: UserWarning: The PyTorch API of nested tensors is in prototype stage and will change in the near future. We recommend specifying layout=torch.jagged when constructing a nested tensor, as this layout receives active development, has better operator coverage, and works with torch.compile. (Triggered internally at /pytorch/aten/src/ATen/NestedTensorImpl.cpp:178.)
  output = torch._nested_tensor_from_mask(
[warn] Found 32 non-positive lengths for modality 'vision'. Recomputing them from X.shape[0].
[warn] Found 8 non-positive lengths for modality 'vision'. Recomputing them from X.shape[0].
[warn] Found 9 non-positive lengths for modality 'vision'. Recomputing them from X.shape[0].
{"epoch": 1, "train_mae": 0.6323068561249001, "val_mae": 0.6091634420191486, "val_corr": 0.04361472198001465}
{"epoch": 2, "train_mae": 0.6122067546428636, "val_mae": 0.6099351340504665, "val_corr": 0.07545863254353617}
{"epoch": 3, "train_mae": 0.6060955673456192, "val_mae": 0.5887496021836766, "val_corr": 0.11179645049913998}
{"epoch": 4, "train_mae": 0.5984480720619823, "val_mae": 0.592053532047655, "val_corr": 0.12339001204474107}
{"epoch": 5, "train_mae": 0.5917435894871867, "val_mae": 0.5828343429005312, "val_corr": 0.1359839480698213}
{"epoch": 6, "train_mae": 0.6027160550272742, "val_mae": 0.5836218836871329, "val_corr": 0.1346648547926237}
{"epoch": 7, "train_mae": 0.5998224179412044, "val_mae": 0.5794654666364101, "val_corr": 0.14477847083336348}
{"epoch": 8, "train_mae": 0.5962044388748878, "val_mae": 0.580774958019463, "val_corr": 0.1358915274882714}
{"epoch": 9, "train_mae": 0.6047290975964347, "val_mae": 0.581165261209656, "val_corr": 0.15239989179032093}
{"epoch": 10, "train_mae": 0.5934630320515744, "val_mae": 0.580454526397139, "val_corr": 0.1574986141280741}
{"epoch": 11, "train_mae": 0.5839218424503193, "val_mae": 0.5816989840458866, "val_corr": 0.15295360956516144}
{"epoch": 12, "train_mae": 0.5869937695043032, "val_mae": 0.5789962787716614, "val_corr": 0.15757245003595885}
{"epoch": 13, "train_mae": 0.591456092720808, "val_mae": 0.5906936033431677, "val_corr": 0.1622481426085979}
{"epoch": 14, "train_mae": 0.5972332531629607, "val_mae": 0.5862771292926724, "val_corr": 0.16110152563000027}
{"epoch": 15, "train_mae": 0.5920782591714415, "val_mae": 0.5871164826373966, "val_corr": 0.1524521818397701}
{"epoch": 16, "train_mae": 0.5873977982027586, "val_mae": 0.5863817987338837, "val_corr": 0.1572871417582193}
{"epoch": 17, "train_mae": 0.5873352375834487, "val_mae": 0.5967549137206866, "val_corr": 0.1453734897139057}
{"epoch": 18, "train_mae": 0.592250426494798, "val_mae": 0.5836085252452302, "val_corr": 0.15719310737915193}
{"epoch": 19, "train_mae": 0.5891936414463576, "val_mae": 0.6265280355441699, "val_corr": 0.15565966384331828}
{"epoch": 20, "train_mae": 0.5884674534548161, "val_mae": 0.5807261264305763, "val_corr": 0.15353216241550535}
{"epoch": 21, "train_mae": 0.5871757830298224, "val_mae": 0.5827510780676439, "val_corr": 0.1432425834274372}
{"epoch": 22, "train_mae": 0.5823816899643388, "val_mae": 0.5852127635313149, "val_corr": 0.15172330341453644}
{"epoch": 23, "train_mae": 0.5871049394441206, "val_mae": 0.6021283927619734, "val_corr": 0.1469717371538039}
{"epoch": 24, "train_mae": 0.5874736499647761, "val_mae": 0.5817367006122053, "val_corr": 0.1443867420440776}
{"epoch": 25, "train_mae": 0.5858001410961151, "val_mae": 0.5807335682593321, "val_corr": 0.1539809144610524}
{"epoch": 26, "train_mae": 0.5866183139557062, "val_mae": 0.5868458189588426, "val_corr": 0.14565239534941166}
{"epoch": 27, "train_mae": 0.5850087269101032, "val_mae": 0.5933796939378175, "val_corr": 0.1479922827692755}
{"epoch": 28, "train_mae": 0.5783728458160577, "val_mae": 0.582256420686772, "val_corr": 0.14982427039651133}
{"epoch": 29, "train_mae": 0.5850046883488811, "val_mae": 0.5824106826664307, "val_corr": 0.1469916127840198}
{"epoch": 30, "train_mae": 0.5814277394566425, "val_mae": 0.5810103936025864, "val_corr": 0.15927459783126693}
DONE: {
  "dataset": "chsims",
  "modality": "vision",
  "best_val_mae": 0.5789962787716614,
  "test_mae": 0.5465795592597652,
  "test_corr": 0.1353113124334597
}
[info] Finished CH-SIMS unimodal: vision
[info] All CH-SIMS unimodal runs completed.
[info] Metrics: /hpctmp/scratch/e0968015/chsims/metrics_chsims_*.json
