[info] Job ID: 339896.venus01
[info] Host: cnode-33-43-33
[info] Project dir: /home/svu/e0968015/unimodal
[info] Dataset dir: /hpctmp/scratch/e0968015/chsims
[info] Pickle: /hpctmp/scratch/e0968015/chsims/Processed/features.pkl
[info] Output dir: /hpctmp/scratch/e0968015/chsims
[info] Env: msa-unimodal
Loading anaconda3
  Loading requirement: /app1/modules/root/NUSREC gcc-4.8.2
[info] python: /home/svu/e0968015/.conda/envs/msa-unimodal/bin/python
Python 3.10.6
[info] torch ok | version: 2.6.0+cu124 | cuda: False
[info] features.pkl exists: /hpctmp/scratch/e0968015/chsims/Processed/features.pkl
==============================
[info] Starting CH-SIMS unimodal: text
==============================
{"epoch": 1, "train_mae": 0.6002807963726132, "val_mae": 0.590087357039061, "val_corr": 0.02291881628301373}
{"epoch": 2, "train_mae": 0.597328110836273, "val_mae": 0.5885167656210143, "val_corr": 0.03041018977836204}
{"epoch": 3, "train_mae": 0.590650683052318, "val_mae": 0.5884645560056754, "val_corr": 0.03186372445578124}
{"epoch": 4, "train_mae": 0.5982714167167974, "val_mae": 0.5884185331129401, "val_corr": 0.03502560828413764}
{"epoch": 5, "train_mae": 0.5980037440394246, "val_mae": 0.588352378037466, "val_corr": 0.03742007215809615}
{"epoch": 6, "train_mae": 0.5941397131875504, "val_mae": 0.5882574240612284, "val_corr": 0.03967793056831178}
{"epoch": 7, "train_mae": 0.5926750700834186, "val_mae": 0.5883357078988548, "val_corr": 0.038025335302485225}
{"epoch": 8, "train_mae": 0.5948330725348273, "val_mae": 0.5882110864707086, "val_corr": 0.039772112608319594}
{"epoch": 9, "train_mae": 0.5954285125399745, "val_mae": 0.5882780076547236, "val_corr": 0.028208954576972894}
{"epoch": 10, "train_mae": 0.5856160455664923, "val_mae": 0.5879290851964464, "val_corr": 0.045872650279180895}
{"epoch": 11, "train_mae": 0.5953094307766404, "val_mae": 0.5882459000052404, "val_corr": 0.03947019359804996}
{"epoch": 12, "train_mae": 0.5942908393782239, "val_mae": 0.5879539127880491, "val_corr": 0.04315036019488273}
{"epoch": 13, "train_mae": 0.5886366596055586, "val_mae": 0.5878786366358054, "val_corr": 0.04326070736703766}
{"epoch": 14, "train_mae": 0.5909767712271491, "val_mae": 0.5879239623292336, "val_corr": 0.04219637196313793}
{"epoch": 15, "train_mae": 0.5907253151716187, "val_mae": 0.5881289853563264, "val_corr": 0.04064525413164517}
{"epoch": 16, "train_mae": 0.5918351103400075, "val_mae": 0.5882438927934932, "val_corr": 0.044582139260850605}
{"epoch": 17, "train_mae": 0.5909023260654405, "val_mae": 0.5880370261680213, "val_corr": 0.04048113231278841}
{"epoch": 18, "train_mae": 0.5907922501480857, "val_mae": 0.5881405827435312, "val_corr": 0.04368100130386422}
{"epoch": 19, "train_mae": 0.5896607443343761, "val_mae": 0.5878313092581087, "val_corr": 0.0359129900606549}
{"epoch": 20, "train_mae": 0.5915615222481794, "val_mae": 0.5877837169299354, "val_corr": 0.03537902551244509}
{"epoch": 21, "train_mae": 0.5914969520513401, "val_mae": 0.5878628085164419, "val_corr": 0.03881762795005936}
{"epoch": 22, "train_mae": 0.5938253232906031, "val_mae": 0.5880110790777427, "val_corr": 0.03968079887474682}
{"epoch": 23, "train_mae": 0.5904423289520796, "val_mae": 0.5880076969978061, "val_corr": 0.03916179491715107}
{"epoch": 24, "train_mae": 0.5895338515902675, "val_mae": 0.5878414835038104, "val_corr": 0.036088107287379136}
{"epoch": 25, "train_mae": 0.5948360441036002, "val_mae": 0.5879870002752478, "val_corr": 0.03968827311528202}
{"epoch": 26, "train_mae": 0.5924960894640102, "val_mae": 0.5880288587655682, "val_corr": 0.04028097699916474}
{"epoch": 27, "train_mae": 0.5893795552641846, "val_mae": 0.5880492676907382, "val_corr": 0.036905019603182355}
{"epoch": 28, "train_mae": 0.5958118092182071, "val_mae": 0.5880817663172113, "val_corr": 0.03709247620612368}
{"epoch": 29, "train_mae": 0.5937535974175431, "val_mae": 0.5876872277886275, "val_corr": 0.03000532785434825}
{"epoch": 30, "train_mae": 0.5947561610576718, "val_mae": 0.5879021188391047, "val_corr": 0.03496853838363441}
DONE: {
  "dataset": "chsims",
  "modality": "text",
  "best_val_mae": 0.5876872277886275,
  "test_mae": 0.5399821212720595,
  "test_corr": 0.0019821589536769654
}
[info] Finished CH-SIMS unimodal: text
==============================
[info] Starting CH-SIMS unimodal: audio
==============================
/home/svu/e0968015/.conda/envs/msa-unimodal/lib/python3.10/site-packages/torch/nn/modules/transformer.py:385: UserWarning: enable_nested_tensor is True, but self.use_nested_tensor is False because encoder_layer.norm_first was True
  warnings.warn(
{"epoch": 1, "train_mae": 72.85524696527526, "val_mae": 29.696699398931063, "val_corr": -0.04560436351802689}
{"epoch": 2, "train_mae": 38.93153190612793, "val_mae": 17.315909938429016, "val_corr": -0.04961632603200978}
{"epoch": 3, "train_mae": 36.1797911178234, "val_mae": 13.163991972320416, "val_corr": -0.05011455726204566}
{"epoch": 4, "train_mae": 34.220561027526855, "val_mae": 9.58398408020114, "val_corr": -0.0495520908019543}
{"epoch": 5, "train_mae": 32.84930362257847, "val_mae": 7.188560450463981, "val_corr": -0.0476828867457369}
{"epoch": 6, "train_mae": 32.41296758208164, "val_mae": 5.73868738554729, "val_corr": -0.045040461033229104}
{"epoch": 7, "train_mae": 32.20156858133715, "val_mae": 4.999354142862641, "val_corr": -0.041269182841756964}
{"epoch": 8, "train_mae": 30.172672382620878, "val_mae": 5.006845400543448, "val_corr": -0.03418500252211719}
{"epoch": 9, "train_mae": 31.651961282242176, "val_mae": 3.776754517827926, "val_corr": -0.03067818507322417}
{"epoch": 10, "train_mae": 31.32091289342836, "val_mae": 3.532957259801661, "val_corr": -0.025730544103050763}
{"epoch": 11, "train_mae": 30.772831428882686, "val_mae": 3.2420005518280925, "val_corr": -0.020939306204101584}
{"epoch": 12, "train_mae": 30.088036426278048, "val_mae": 4.3076360369391935, "val_corr": -0.011129932969355875}
{"epoch": 13, "train_mae": 29.780066556708757, "val_mae": 3.6770846677895124, "val_corr": -0.02254903008672646}
{"epoch": 14, "train_mae": 29.71434347019639, "val_mae": 3.168721427504762, "val_corr": -0.013188942192157693}
{"epoch": 15, "train_mae": 29.823033920554227, "val_mae": 4.994795467606652, "val_corr": -0.01652774400945849}
{"epoch": 16, "train_mae": 30.014493099478788, "val_mae": 2.650946002470839, "val_corr": -0.020190893194604605}
{"epoch": 17, "train_mae": 28.88052057665448, "val_mae": 2.5136413986937156, "val_corr": -0.018698914454141412}
{"epoch": 18, "train_mae": 28.491977270259415, "val_mae": 2.4905206246943528, "val_corr": -0.010822585814503538}
{"epoch": 19, "train_mae": 27.26638622062151, "val_mae": 2.6100884250363756, "val_corr": -0.019962457442678504}
{"epoch": 20, "train_mae": 27.901248333066007, "val_mae": 2.27165381064555, "val_corr": -0.018570581843050715}
{"epoch": 21, "train_mae": 26.846588822298273, "val_mae": 2.458495305163046, "val_corr": -0.019508486236569672}
{"epoch": 22, "train_mae": 27.520156815994618, "val_mae": 2.3092285123822127, "val_corr": -0.026410447594443213}
{"epoch": 23, "train_mae": 27.230173510174417, "val_mae": 2.283651568605874, "val_corr": -0.021760193131184182}
{"epoch": 24, "train_mae": 26.437720842139665, "val_mae": 2.236714364572139, "val_corr": -0.0051827904251358844}
{"epoch": 25, "train_mae": 27.00402563671733, "val_mae": 2.306002851247419, "val_corr": -0.006844060462676561}
{"epoch": 26, "train_mae": 24.933969852536222, "val_mae": 1.94730765447366, "val_corr": -0.014283244250218924}
{"epoch": 27, "train_mae": 25.999894984932833, "val_mae": 2.1747098403883496, "val_corr": -0.018778324655551272}
{"epoch": 28, "train_mae": 25.255606651306152, "val_mae": 1.9048496228649958, "val_corr": -0.014415819740608933}
{"epoch": 29, "train_mae": 24.811509243277616, "val_mae": 2.046704983600693, "val_corr": -0.031828048399053496}
{"epoch": 30, "train_mae": 24.45756868983424, "val_mae": 3.078281535247378, "val_corr": -0.028805423167632717}
DONE: {
  "dataset": "chsims",
  "modality": "audio",
  "best_val_mae": 1.9048496228649958,
  "test_mae": 1.8626336534894874,
  "test_corr": -0.05436902159595404
}
[info] Finished CH-SIMS unimodal: audio
==============================
[info] Starting CH-SIMS unimodal: vision
==============================
/home/svu/e0968015/.conda/envs/msa-unimodal/lib/python3.10/site-packages/torch/nn/modules/transformer.py:385: UserWarning: enable_nested_tensor is True, but self.use_nested_tensor is False because encoder_layer.norm_first was True
  warnings.warn(
{"epoch": 1, "train_mae": 0.6045310833426409, "val_mae": 0.5870750165980603, "val_corr": 0.13288086752868025}
{"epoch": 2, "train_mae": 0.6091823650653972, "val_mae": 0.5832732858761016, "val_corr": 0.1128986129198275}
{"epoch": 3, "train_mae": 0.60718475594077, "val_mae": 0.5852707530468287, "val_corr": 0.1470701518825807}
{"epoch": 4, "train_mae": 0.6026469406693481, "val_mae": 0.5768138916451927, "val_corr": 0.15747677018423692}
{"epoch": 5, "train_mae": 0.595810579006062, "val_mae": 0.5799588600671641, "val_corr": 0.15060249152650682}
{"epoch": 6, "train_mae": 0.605258964868479, "val_mae": 0.5865727849131942, "val_corr": 0.14189820482170631}
{"epoch": 7, "train_mae": 0.5991154292295146, "val_mae": 0.5841304725251942, "val_corr": 0.14285846934138255}
{"epoch": 8, "train_mae": 0.5984115735736004, "val_mae": 0.580770365421702, "val_corr": 0.1452504465200265}
{"epoch": 9, "train_mae": 0.5963818572981413, "val_mae": 0.5780436130358594, "val_corr": 0.1530845614355037}
{"epoch": 10, "train_mae": 0.5856706139653228, "val_mae": 0.5864754821270289, "val_corr": 0.1454554274684561}
{"epoch": 11, "train_mae": 0.5967187195323235, "val_mae": 0.5816239179378315, "val_corr": 0.13361284109288274}
{"epoch": 12, "train_mae": 0.5882398165589156, "val_mae": 0.5881750141450389, "val_corr": 0.1690462122139392}
{"epoch": 13, "train_mae": 0.5844762290633002, "val_mae": 0.5795313965592539, "val_corr": 0.17640579377400273}
{"epoch": 14, "train_mae": 0.5903206581986228, "val_mae": 0.6079830891197947, "val_corr": 0.16310679542837608}
{"epoch": 15, "train_mae": 0.5935835869506348, "val_mae": 0.6374552312553206, "val_corr": 0.15637080801170894}
{"epoch": 16, "train_mae": 0.5860394220366034, "val_mae": 0.5776752714395892, "val_corr": 0.15667193565035487}
{"epoch": 17, "train_mae": 0.5840381182903467, "val_mae": 0.5838989124416015, "val_corr": 0.13975586243056964}
{"epoch": 18, "train_mae": 0.5883650713881781, "val_mae": 0.6206150180221157, "val_corr": 0.12164920299421428}
{"epoch": 19, "train_mae": 0.579359850911207, "val_mae": 0.5890140798766241, "val_corr": 0.1505846750588538}
{"epoch": 20, "train_mae": 0.5811998383250347, "val_mae": 0.5978189273816541, "val_corr": 0.15508071390779504}
{"epoch": 21, "train_mae": 0.583419133757436, "val_mae": 0.6307718573250395, "val_corr": 0.15574476986069938}
{"epoch": 22, "train_mae": 0.5843813880238422, "val_mae": 0.5812618363953815, "val_corr": 0.1652703564181828}
{"epoch": 23, "train_mae": 0.5846095726240513, "val_mae": 0.6347855873048951, "val_corr": 0.1503715417565076}
{"epoch": 24, "train_mae": 0.5920980960823768, "val_mae": 0.5874422901012061, "val_corr": 0.16778933160657464}
{"epoch": 25, "train_mae": 0.5819195200537526, "val_mae": 0.585719841525212, "val_corr": 0.14426660467780753}
{"epoch": 26, "train_mae": 0.5747046879557676, "val_mae": 0.6054875132105266, "val_corr": 0.16015744389319123}
{"epoch": 27, "train_mae": 0.584369950862818, "val_mae": 0.5898093543428542, "val_corr": 0.1538479659552988}
{"epoch": 28, "train_mae": 0.5763576384200606, "val_mae": 0.5890534524755463, "val_corr": 0.17539608750535468}
{"epoch": 29, "train_mae": 0.5768657212340554, "val_mae": 0.5952749215469478, "val_corr": 0.16330774052737682}
{"epoch": 30, "train_mae": 0.5816090737664422, "val_mae": 0.5945467035037104, "val_corr": 0.16540286812661578}
DONE: {
  "dataset": "chsims",
  "modality": "vision",
  "best_val_mae": 0.5768138916451927,
  "test_mae": 0.5342005018569976,
  "test_corr": 0.16445228708495657
}
[info] Finished CH-SIMS unimodal: vision
[info] All CH-SIMS unimodal runs completed.
[info] Metrics: /hpctmp/scratch/e0968015/chsims/metrics_chsims_*.json
