[info] Job ID: 350231.venus01
[info] Host: cnode-33-43-26
[info] Project dir: /home/svu/e0968015/unimodal
[info] Dataset dir: /hpctmp/scratch/e0968015/mosei
[info] Pickle: /hpctmp/scratch/e0968015/mosei/Processed/features.pkl
[info] Output dir: /home/svu/e0968015/unimodal
[info] Env: msa-unimodal
Loading anaconda3
  Loading requirement: /app1/modules/root/NUSREC gcc-4.8.2
[info] python: /home/svu/e0968015/.conda/envs/msa-unimodal/bin/python
Python 3.10.6
[info] torch ok | version: 2.6.0+cu124 | cuda: False
[info] features.pkl exists: /hpctmp/scratch/e0968015/mosei/Processed/features.pkl
==============================
[info] Starting MOSEI unimodal: text
==============================
{"epoch": 1, "train_mae": 0.7349185711422632, "val_mae": 0.7059954100819607, "val_corr": 0.0009330670515602533}
{"epoch": 2, "train_mae": 0.7284862735243731, "val_mae": 0.7058284220039568, "val_corr": 0.006635521998133389}
{"epoch": 3, "train_mae": 0.7252528910026994, "val_mae": 0.7054708295111678, "val_corr": 0.009978385453299127}
{"epoch": 4, "train_mae": 0.731486433120661, "val_mae": 0.7057572383969055, "val_corr": 0.00646370392524369}
{"epoch": 5, "train_mae": 0.7341092637805051, "val_mae": 0.7055146867377681, "val_corr": 0.014569907465403448}
{"epoch": 6, "train_mae": 0.7188869647161905, "val_mae": 0.70561698194265, "val_corr": 0.010256953492581223}
{"epoch": 7, "train_mae": 0.7271829746490301, "val_mae": 0.7054314429092997, "val_corr": 0.015459174911412183}
{"epoch": 8, "train_mae": 0.7265620065289874, "val_mae": 0.7052797615251732, "val_corr": 0.014681772793170981}
{"epoch": 9, "train_mae": 0.7230947471635286, "val_mae": 0.7051993485027708, "val_corr": 0.015794565201976512}
{"epoch": 10, "train_mae": 0.7152850083400344, "val_mae": 0.7054098665806389, "val_corr": 0.009326816871037619}
{"epoch": 11, "train_mae": 0.7158922506279723, "val_mae": 0.7052721188646933, "val_corr": 0.01244692530439722}
{"epoch": 12, "train_mae": 0.7170616592778716, "val_mae": 0.705213812808902, "val_corr": 0.013325744141557157}
{"epoch": 13, "train_mae": 0.7184884118479352, "val_mae": 0.7049781528101454, "val_corr": 0.01704651192344322}
{"epoch": 14, "train_mae": 0.7238175841264947, "val_mae": 0.7049354939409165, "val_corr": 0.015265616114979702}
{"epoch": 15, "train_mae": 0.7197303945241973, "val_mae": 0.7049748112650522, "val_corr": 0.013279507119548036}
{"epoch": 16, "train_mae": 0.7212806908890258, "val_mae": 0.7053278623813823, "val_corr": 0.004853965410805993}
{"epoch": 17, "train_mae": 0.7151687023944633, "val_mae": 0.7052600313743815, "val_corr": 0.006343947154188317}
{"epoch": 18, "train_mae": 0.7152684615101925, "val_mae": 0.7053477767814624, "val_corr": 0.0028552120563130295}
{"epoch": 19, "train_mae": 0.7200766923122628, "val_mae": 0.7053020689550102, "val_corr": 0.006114416355132949}
{"epoch": 20, "train_mae": 0.719748892409857, "val_mae": 0.7052961169659999, "val_corr": 0.0058871953396457885}
{"epoch": 21, "train_mae": 0.714189410902733, "val_mae": 0.7052103496592785, "val_corr": 0.005618507748953434}
{"epoch": 22, "train_mae": 0.7153424357258996, "val_mae": 0.7054290683044716, "val_corr": 0.0031714641684168817}
{"epoch": 23, "train_mae": 0.7193840191114781, "val_mae": 0.705214125295695, "val_corr": 0.004788256274332266}
{"epoch": 24, "train_mae": 0.7228133775467096, "val_mae": 0.7055548435016614, "val_corr": 0.0017691160220320032}
{"epoch": 25, "train_mae": 0.7188183426163918, "val_mae": 0.7057071152205077, "val_corr": 0.0008800540713142445}
{"epoch": 26, "train_mae": 0.7264264523983002, "val_mae": 0.7056482225149824, "val_corr": 0.0030839418672490245}
{"epoch": 27, "train_mae": 0.7095963120687926, "val_mae": 0.7057164566594261, "val_corr": -4.0355189473343566e-05}
{"epoch": 28, "train_mae": 0.7205412353194037, "val_mae": 0.7056319709907544, "val_corr": 0.0006220585681370247}
{"epoch": 29, "train_mae": 0.7237788618997086, "val_mae": 0.7057975410862353, "val_corr": 0.0034632265391819333}
{"epoch": 30, "train_mae": 0.7129175981809927, "val_mae": 0.7059850987547884, "val_corr": 0.002976086432710533}
DONE: {
  "dataset": "mosei",
  "modality": "text",
  "best_val_mae": 0.7049354939409165,
  "test_mae": 0.7795298533006148,
  "test_corr": 0.01093028910397813
}
[info] Finished MOSEI unimodal: text
==============================
[info] Starting MOSEI unimodal: audio
==============================
/home/svu/e0968015/.conda/envs/msa-unimodal/lib/python3.10/site-packages/torch/nn/modules/transformer.py:385: UserWarning: enable_nested_tensor is True, but self.use_nested_tensor is False because encoder_layer.norm_first was True
  warnings.warn(
{"epoch": 1, "train_mae": 24.39415115533873, "val_mae": 5.397997919521892, "val_corr": 0.006552938082398475}
{"epoch": 2, "train_mae": 24.496058597121127, "val_mae": 5.0229669774334065, "val_corr": 0.025622203714814676}
{"epoch": 3, "train_mae": 23.83397878325263, "val_mae": 4.505384129755648, "val_corr": 0.02069258958228153}
{"epoch": 4, "train_mae": 24.14829630075499, "val_mae": 5.431106991893173, "val_corr": -0.03004573434781878}
{"epoch": 5, "train_mae": 23.864959916403127, "val_mae": 3.5143014268123385, "val_corr": -0.01718419953632978}
{"epoch": 6, "train_mae": 22.951935457628828, "val_mae": 3.231419847774358, "val_corr": -0.026845228116562415}
{"epoch": 7, "train_mae": 23.186029453610264, "val_mae": 2.7117639951396395, "val_corr": -0.0018700837451291088}
{"epoch": 8, "train_mae": 22.2457536431246, "val_mae": 2.412581501272399, "val_corr": -0.006789209734074206}
{"epoch": 9, "train_mae": 22.611341021781744, "val_mae": 2.3206314930038805, "val_corr": -0.0039786403281889225}
{"epoch": 10, "train_mae": 22.648698817851933, "val_mae": 2.297919908668011, "val_corr": -0.029384905546952715}
{"epoch": 11, "train_mae": 21.985898982646855, "val_mae": 1.9043119598577343, "val_corr": -0.03597007760244251}
{"epoch": 12, "train_mae": 21.751598180726518, "val_mae": 1.853008055060503, "val_corr": -0.04330849287163487}
{"epoch": 13, "train_mae": 21.67149127915848, "val_mae": 1.805297029073677, "val_corr": -0.010362360780389124}
{"epoch": 14, "train_mae": 21.70772311853808, "val_mae": 2.008633153700202, "val_corr": -0.043898917264281516}
{"epoch": 15, "train_mae": 21.534116068551707, "val_mae": 2.290227859060768, "val_corr": -0.06154321303871531}
{"epoch": 16, "train_mae": 20.511606449304626, "val_mae": 1.5942699131678209, "val_corr": -0.07662294630276384}
{"epoch": 17, "train_mae": 20.215718202812727, "val_mae": 1.6577934400744194, "val_corr": -0.025446629118395812}
{"epoch": 18, "train_mae": 20.622114802515785, "val_mae": 1.6879302235622495, "val_corr": -0.013630273338767814}
{"epoch": 19, "train_mae": 19.667475378790567, "val_mae": 1.8295996428641506, "val_corr": -0.019639903234091205}
{"epoch": 20, "train_mae": 19.419576068257175, "val_mae": 1.5052040695591355, "val_corr": -0.04207036708756085}
{"epoch": 21, "train_mae": 19.17973635917486, "val_mae": 2.34687406018123, "val_corr": -0.06969986653747777}
{"epoch": 22, "train_mae": 18.91335806735726, "val_mae": 1.416523243581309, "val_corr": -0.04063125301949063}
{"epoch": 23, "train_mae": 18.925793880640075, "val_mae": 2.515053222868505, "val_corr": -0.11622978743881596}
{"epoch": 24, "train_mae": 18.45953560984412, "val_mae": 1.826718446828851, "val_corr": -0.12072922698148321}
{"epoch": 25, "train_mae": 17.856294199477794, "val_mae": 2.683671159759003, "val_corr": -0.10162967130165584}
{"epoch": 26, "train_mae": 17.06021691477576, "val_mae": 1.6749288184565407, "val_corr": -0.10687115277681804}
{"epoch": 27, "train_mae": 16.092058059781095, "val_mae": 1.8129684118067462, "val_corr": -0.1201967209407389}
{"epoch": 28, "train_mae": 16.18386600183886, "val_mae": 2.6692538401443033, "val_corr": -0.1188321499971619}
{"epoch": 29, "train_mae": 15.33871903530387, "val_mae": 2.8741669485336847, "val_corr": -0.06890896830126143}
{"epoch": 30, "train_mae": 14.88127008704252, "val_mae": 3.0141873426009917, "val_corr": -0.07332045497878428}
DONE: {
  "dataset": "mosei",
  "modality": "audio",
  "best_val_mae": 1.416523243581309,
  "test_mae": 1.5029116304054482,
  "test_corr": -0.05652754819122383
}
[info] Finished MOSEI unimodal: audio
==============================
[info] Starting MOSEI unimodal: vision
==============================
/home/svu/e0968015/.conda/envs/msa-unimodal/lib/python3.10/site-packages/torch/nn/modules/transformer.py:385: UserWarning: enable_nested_tensor is True, but self.use_nested_tensor is False because encoder_layer.norm_first was True
  warnings.warn(
{"epoch": 1, "train_mae": 0.74675125576729, "val_mae": 0.79843134342058, "val_corr": 0.10980312276519248}
{"epoch": 2, "train_mae": 0.7179019804610762, "val_mae": 0.7557520792694328, "val_corr": 0.107844218815996}
{"epoch": 3, "train_mae": 0.7070015398568885, "val_mae": 0.7355675056139137, "val_corr": 0.11346148655575707}
{"epoch": 4, "train_mae": 0.7058846607457759, "val_mae": 0.7869318102758487, "val_corr": 0.12959250417665946}
{"epoch": 5, "train_mae": 0.715321438603623, "val_mae": 0.7464655650638539, "val_corr": 0.1287097075559949}
{"epoch": 6, "train_mae": 0.6973132945077364, "val_mae": 0.8634093364202626, "val_corr": 0.1440578911059146}
{"epoch": 7, "train_mae": 0.7138238899236502, "val_mae": 0.7807447014857296, "val_corr": 0.15351966182865512}
{"epoch": 8, "train_mae": 0.6963957821906999, "val_mae": 0.7622944958611655, "val_corr": 0.15738059985281846}
{"epoch": 9, "train_mae": 0.6920351389535638, "val_mae": 0.7796949341639854, "val_corr": 0.15374369133152047}
{"epoch": 10, "train_mae": 0.687019586909649, "val_mae": 0.7763035971746194, "val_corr": 0.16645707815975086}
{"epoch": 11, "train_mae": 0.6859059652616811, "val_mae": 0.7717447995771027, "val_corr": 0.16820508765623546}
{"epoch": 12, "train_mae": 0.6892850842586783, "val_mae": 0.7648019989638646, "val_corr": 0.17627691057676406}
{"epoch": 13, "train_mae": 0.6823271336250527, "val_mae": 0.7431880418078792, "val_corr": 0.1982294109348071}
{"epoch": 14, "train_mae": 0.6802492051623589, "val_mae": 0.7549748066956699, "val_corr": 0.1939125513731064}
{"epoch": 15, "train_mae": 0.6785325127285581, "val_mae": 0.7824200367817001, "val_corr": 0.18791390962331966}
{"epoch": 16, "train_mae": 0.6748338386762974, "val_mae": 0.7470297968184929, "val_corr": 0.19920765979930186}
{"epoch": 17, "train_mae": 0.6750881082789842, "val_mae": 0.7549831878272975, "val_corr": 0.20871811580808827}
{"epoch": 18, "train_mae": 0.679436000280602, "val_mae": 0.7505930085454879, "val_corr": 0.21194351965734062}
{"epoch": 19, "train_mae": 0.6865601525750271, "val_mae": 0.7680031394663698, "val_corr": 0.21036700012522036}
{"epoch": 20, "train_mae": 0.6732219457626343, "val_mae": 0.7651818594571428, "val_corr": 0.20550152825022386}
{"epoch": 21, "train_mae": 0.6702556662088217, "val_mae": 0.7824622630336001, "val_corr": 0.22279808264278517}
{"epoch": 22, "train_mae": 0.6768969013247379, "val_mae": 0.7724853844325731, "val_corr": 0.22048175096067377}
{"epoch": 23, "train_mae": 0.6689279328945071, "val_mae": 0.75037093324676, "val_corr": 0.23852855079459914}
{"epoch": 24, "train_mae": 0.6724498597688453, "val_mae": 0.7474041427305714, "val_corr": 0.2407377591599599}
{"epoch": 25, "train_mae": 0.6673037874144178, "val_mae": 0.7575535523651925, "val_corr": 0.22147232082193066}
{"epoch": 26, "train_mae": 0.6570499161648196, "val_mae": 0.7482372052518441, "val_corr": 0.23863550808824685}
{"epoch": 27, "train_mae": 0.6628050838792047, "val_mae": 0.7718030415141417, "val_corr": 0.23584772108773844}
{"epoch": 28, "train_mae": 0.6522054842045141, "val_mae": 0.7559349422661193, "val_corr": 0.24978276852204684}
{"epoch": 29, "train_mae": 0.6578685131876968, "val_mae": 0.7940261610877201, "val_corr": 0.25640460424705747}
{"epoch": 30, "train_mae": 0.6581458445898322, "val_mae": 0.7616716271390134, "val_corr": 0.23740098685768576}
DONE: {
  "dataset": "mosei",
  "modality": "vision",
  "best_val_mae": 0.7355675056139137,
  "test_mae": 0.7281418695210027,
  "test_corr": 0.3391081769243911
}
[info] Finished MOSEI unimodal: vision
[info] All MOSEI unimodal runs completed.
[info] Metrics: /home/svu/e0968015/unimodal/metrics_mosei_*.json
