========================================
Cluster Analysis PBS Job Started
Time       : Thu Feb 26 11:15:41 +08 2026
Host       : cnode-33-43-24
Job ID     : 358608.venus01
Workdir    : /home/svu/e0968015/experiments
Log file   : /home/svu/e0968015/experiments/logs/cluster_20260226_111541_358608.venus01.log
========================================
[INFO] PBS queue info
  PBS_QUEUE      = parallel
  PBS_NODEFILE   = /var/spool/pbs/aux/358608.venus01
  PBS_NP         = N/A
[INFO] Allocated nodes:
     12 cnode-33-43-24
Loading anaconda3
  Loading requirement: /app1/modules/root/NUSREC gcc-4.8.2
[INFO] Python path: /home/svu/e0968015/.conda/envs/msa-unimodal/bin/python
[INFO] Python version: Python 3.10.6
[INFO] SCRIPT_PATH = /home/svu/e0968015/experiments/clustering.py
[INFO] ROOT_DIR    = /hpctmp/scratch/e0968015/chsims/FusionRuns
[INFO] OUT_DIR     = /hpctmp/scratch/e0968015/chsims/FusionRuns/cluster_analysis_chsims_a35_run5
[INFO] Running pre-flight checks...
[INFO] Listing matching run folders (preview):
/hpctmp/scratch/e0968015/chsims/FusionRuns/audio_guided_attention_run3
/hpctmp/scratch/e0968015/chsims/FusionRuns/bibimodal_fusion_run3
/hpctmp/scratch/e0968015/chsims/FusionRuns/cluster_analysis_chsims_a35_run3
/hpctmp/scratch/e0968015/chsims/FusionRuns/early_fusion_run3
/hpctmp/scratch/e0968015/chsims/FusionRuns/graph_fusion_run3
/hpctmp/scratch/e0968015/chsims/FusionRuns/kernel_fusion_run3
/hpctmp/scratch/e0968015/chsims/FusionRuns/lowrank_fusion_run3
/hpctmp/scratch/e0968015/chsims/FusionRuns/tensor_fusion_run3
/hpctmp/scratch/e0968015/chsims/FusionRuns/text_guided_attention_run3
/hpctmp/scratch/e0968015/chsims/FusionRuns/trimodal_attention_run3
/hpctmp/scratch/e0968015/chsims/FusionRuns/vision_guided_attention_run3
[INFO] Starting clustering analysis...
[scan] Finding preds_test.json files...
[scan] Found 8 files
  - /hpctmp/scratch/e0968015/chsims/FusionRuns/audio_guided_attention_run3/preds_test.json
  - /hpctmp/scratch/e0968015/chsims/FusionRuns/bibimodal_fusion_run3/preds_test.json
  - /hpctmp/scratch/e0968015/chsims/FusionRuns/early_fusion_run3/preds_test.json
  - /hpctmp/scratch/e0968015/chsims/FusionRuns/kernel_fusion_run3/preds_test.json
  - /hpctmp/scratch/e0968015/chsims/FusionRuns/lowrank_fusion_run3/preds_test.json
  - /hpctmp/scratch/e0968015/chsims/FusionRuns/text_guided_attention_run3/preds_test.json
  - /hpctmp/scratch/e0968015/chsims/FusionRuns/trimodal_attention_run3/preds_test.json
  - /hpctmp/scratch/e0968015/chsims/FusionRuns/vision_guided_attention_run3/preds_test.json
[load] /hpctmp/scratch/e0968015/chsims/FusionRuns/audio_guided_attention_run3/preds_test.json -> Audio-Guided Attention (1034 rows)
[load] /hpctmp/scratch/e0968015/chsims/FusionRuns/bibimodal_fusion_run3/preds_test.json -> Bi-modal Fusion (1034 rows)
[load] /hpctmp/scratch/e0968015/chsims/FusionRuns/early_fusion_run3/preds_test.json -> Early Fusion (1034 rows)
[load] /hpctmp/scratch/e0968015/chsims/FusionRuns/kernel_fusion_run3/preds_test.json -> Kernel Fusion (1034 rows)
[load] /hpctmp/scratch/e0968015/chsims/FusionRuns/lowrank_fusion_run3/preds_test.json -> Low-Rank Fusion (1034 rows)
[load] /hpctmp/scratch/e0968015/chsims/FusionRuns/text_guided_attention_run3/preds_test.json -> Text-Guided Attention (1034 rows)
[load] /hpctmp/scratch/e0968015/chsims/FusionRuns/trimodal_attention_run3/preds_test.json -> Tri-Modal Attention (1034 rows)
[load] /hpctmp/scratch/e0968015/chsims/FusionRuns/vision_guided_attention_run3/preds_test.json -> Vision-Guided Attention (1034 rows)

[summary] Loaded methods by dataset/audio_dim:
  - chsims A35: 8 methods -> ['Audio-Guided Attention', 'Bi-modal Fusion', 'Early Fusion', 'Kernel Fusion', 'Low-Rank Fusion', 'Text-Guided Attention', 'Tri-Modal Attention', 'Vision-Guided Attention']

[group] chsims_A35 | rows=8272
[group] methods: ['Audio-Guided Attention', 'Bi-modal Fusion', 'Early Fusion', 'Kernel Fusion', 'Low-Rank Fusion', 'Text-Guided Attention', 'Tri-Modal Attention', 'Vision-Guided Attention']

  [mode] abs
  [matrix] X shape = (1034, 8) | methods=8
Traceback (most recent call last):
  File "/home/svu/e0968015/.conda/envs/msa-unimodal/lib/python3.10/site-packages/pandas/core/indexes/base.py", line 3803, in get_loc
    return self._engine.get_loc(casted_key)
  File "pandas/_libs/index.pyx", line 138, in pandas._libs.index.IndexEngine.get_loc
  File "pandas/_libs/index.pyx", line 165, in pandas._libs.index.IndexEngine.get_loc
  File "pandas/_libs/hashtable_class_helper.pxi", line 5745, in pandas._libs.hashtable.PyObjectHashTable.get_item
  File "pandas/_libs/hashtable_class_helper.pxi", line 5753, in pandas._libs.hashtable.PyObjectHashTable.get_item
KeyError: 'yhat'

The above exception was the direct cause of the following exception:

Traceback (most recent call last):
  File "/home/svu/e0968015/experiments/clustering.py", line 758, in <module>
    main()
  File "/home/svu/e0968015/experiments/clustering.py", line 744, in main
    analyse_group(
  File "/home/svu/e0968015/experiments/clustering.py", line 620, in analyse_group
    df_clustered, summary_df = save_cluster_artifacts(
  File "/home/svu/e0968015/experiments/clustering.py", line 423, in save_cluster_artifacts
    summary_df = cluster_summary_table(df_clustered, methods)
  File "/home/svu/e0968015/experiments/clustering.py", line 387, in cluster_summary_table
    "y_pred_mean": float(sub["yhat"].mean()), 
  File "/home/svu/e0968015/.conda/envs/msa-unimodal/lib/python3.10/site-packages/pandas/core/frame.py", line 3804, in __getitem__
    indexer = self.columns.get_loc(key)
  File "/home/svu/e0968015/.conda/envs/msa-unimodal/lib/python3.10/site-packages/pandas/core/indexes/base.py", line 3805, in get_loc
    raise KeyError(key) from err
KeyError: 'yhat'
