========================================
Cluster Analysis PBS Job Started
Time       : Mon Mar  9 19:11:00 +08 2026
Host       : cnode-33-43-27
Job ID     : 375691.venus01
Workdir    : /home/svu/e0968015/analysis
Log file   : /home/svu/e0968015/analysis/logs/cluster_20260309_191100_375691.venus01.log
========================================
[INFO] PBS queue info
  PBS_QUEUE      = parallel
  PBS_NODEFILE   = /var/spool/pbs/aux/375691.venus01
  PBS_NP         = N/A
[INFO] Allocated nodes:
     12 cnode-33-43-27
Loading anaconda3
  Loading requirement: /app1/modules/root/NUSREC gcc-4.8.2
[INFO] Python path: /home/svu/e0968015/.conda/envs/msa-unimodal/bin/python
[INFO] Python version: Python 3.10.6
[INFO] SCRIPT_PATH = /home/svu/e0968015/analysis/clustering.py
[INFO] ROOT_DIR    = /hpctmp/scratch/e0968015/chsims/FusionRuns
[INFO] OUT_DIR     = /hpctmp/scratch/e0968015/chsims/FusionRuns/cluster_analysis_chsims_a35_run1
[INFO] Running pre-flight checks...
[INFO] Listing matching run folders (preview):
/hpctmp/scratch/e0968015/chsims/FusionRuns/audio_guided_attn_run3
/hpctmp/scratch/e0968015/chsims/FusionRuns/bibimodal_fusion_run3
/hpctmp/scratch/e0968015/chsims/FusionRuns/cluster_analysis_chsims_a35_run3
/hpctmp/scratch/e0968015/chsims/FusionRuns/early_fusion_run3
/hpctmp/scratch/e0968015/chsims/FusionRuns/graph_fusion_run3
/hpctmp/scratch/e0968015/chsims/FusionRuns/kernel_fusion_run3
/hpctmp/scratch/e0968015/chsims/FusionRuns/lowrank_fusion_run3
/hpctmp/scratch/e0968015/chsims/FusionRuns/posthoc_audio_vs_vision_run3
/hpctmp/scratch/e0968015/chsims/FusionRuns/tensor_fusion_run3
/hpctmp/scratch/e0968015/chsims/FusionRuns/text_guided_attention_run3
/hpctmp/scratch/e0968015/chsims/FusionRuns/trimodal_attention_run3
/hpctmp/scratch/e0968015/chsims/FusionRuns/vision_guided_attn_run3
[INFO] Starting clustering analysis...
[scan] Finding preds_test.json files...
[scan] Found 8 files
  - /hpctmp/scratch/e0968015/chsims/FusionRuns/audio_guided_attn_run3/preds_test.json
  - /hpctmp/scratch/e0968015/chsims/FusionRuns/bibimodal_fusion_run3/preds_test.json
  - /hpctmp/scratch/e0968015/chsims/FusionRuns/early_fusion_run3/preds_test.json
  - /hpctmp/scratch/e0968015/chsims/FusionRuns/kernel_fusion_run3/preds_test.json
  - /hpctmp/scratch/e0968015/chsims/FusionRuns/lowrank_fusion_run3/preds_test.json
  - /hpctmp/scratch/e0968015/chsims/FusionRuns/text_guided_attention_run3/preds_test.json
  - /hpctmp/scratch/e0968015/chsims/FusionRuns/trimodal_attention_run3/preds_test.json
  - /hpctmp/scratch/e0968015/chsims/FusionRuns/vision_guided_attn_run3/preds_test.json
[load] /hpctmp/scratch/e0968015/chsims/FusionRuns/audio_guided_attn_run3/preds_test.json -> Audio-Guided Attention (1034 rows)
[load] /hpctmp/scratch/e0968015/chsims/FusionRuns/bibimodal_fusion_run3/preds_test.json -> Bi-modal Fusion (1034 rows)
[load] /hpctmp/scratch/e0968015/chsims/FusionRuns/early_fusion_run3/preds_test.json -> Early Fusion (1034 rows)
[load] /hpctmp/scratch/e0968015/chsims/FusionRuns/kernel_fusion_run3/preds_test.json -> Kernel Fusion (1034 rows)
[load] /hpctmp/scratch/e0968015/chsims/FusionRuns/lowrank_fusion_run3/preds_test.json -> Low-Rank Fusion (1034 rows)
[load] /hpctmp/scratch/e0968015/chsims/FusionRuns/text_guided_attention_run3/preds_test.json -> Text-Guided Attention (1034 rows)
[load] /hpctmp/scratch/e0968015/chsims/FusionRuns/trimodal_attention_run3/preds_test.json -> Tri-Modal Attention (1034 rows)
[load] /hpctmp/scratch/e0968015/chsims/FusionRuns/vision_guided_attn_run3/preds_test.json -> Vision-Guided Attention (1034 rows)

[summary] Loaded methods by dataset/audio_dim:
  - chsims A35: 8 methods -> ['Audio-Guided Attention', 'Bi-modal Fusion', 'Early Fusion', 'Kernel Fusion', 'Low-Rank Fusion', 'Text-Guided Attention', 'Tri-Modal Attention', 'Vision-Guided Attention']

[group] chsims_A35 | rows=8272
[group] methods: ['Audio-Guided Attention', 'Bi-modal Fusion', 'Early Fusion', 'Kernel Fusion', 'Low-Rank Fusion', 'Text-Guided Attention', 'Tri-Modal Attention', 'Vision-Guided Attention']

  [mode] abs
Traceback (most recent call last):
  File "/home/svu/e0968015/analysis/clustering.py", line 756, in <module>
    main()
  File "/home/svu/e0968015/analysis/clustering.py", line 742, in main
    analyse_group(
  File "/home/svu/e0968015/analysis/clustering.py", line 590, in analyse_group
    wide_df, X, methods = build_utterance_matrix(
  File "/home/svu/e0968015/analysis/clustering.py", line 310, in build_utterance_matrix
    pivot = group_df.pivot_table(index="id", columns="method", values=val_col, aggfunc="first")
  File "/home/svu/e0968015/.conda/envs/msa-unimodal/lib/python3.10/site-packages/pandas/core/frame.py", line 8718, in pivot_table
    return pivot_table(
  File "/home/svu/e0968015/.conda/envs/msa-unimodal/lib/python3.10/site-packages/pandas/core/reshape/pivot.py", line 96, in pivot_table
    table = __internal_pivot_table(
  File "/home/svu/e0968015/.conda/envs/msa-unimodal/lib/python3.10/site-packages/pandas/core/reshape/pivot.py", line 142, in __internal_pivot_table
    raise KeyError(i)
KeyError: 'error_abs'
