========================================
Cluster Analysis PBS Job Started
Time       : Thu Mar 12 22:03:26 +08 2026
Host       : cnode-33-43-23
Job ID     : 377118.venus01
Workdir    : /home/svu/e0968015/analysis
Log file   : /home/svu/e0968015/analysis/logs/cluster_20260312_220326_377118.venus01.log
========================================
[INFO] PBS queue info
  PBS_QUEUE      = parallel
  PBS_NODEFILE   = /var/spool/pbs/aux/377118.venus01
  PBS_NP         = N/A
[INFO] Allocated nodes:
     12 cnode-33-43-23
Loading anaconda3
  Loading requirement: /app1/modules/root/NUSREC gcc-4.8.2
[INFO] Python path: /home/svu/e0968015/.conda/envs/msa-unimodal/bin/python
[INFO] Python version: Python 3.10.6
[INFO] SCRIPT_PATH = /home/svu/e0968015/analysis/clustering.py
[INFO] ROOT_DIR    = /hpctmp/scratch/e0968015/mosei/FusionRuns
[INFO] OUT_DIR     = /hpctmp/scratch/e0968015/mosei/FusionRuns/cluster_analysis_mosei_a35_run6
[INFO] Running pre-flight checks...
[INFO] Listing matching run folders (preview):
/hpctmp/scratch/e0968015/mosei/FusionRuns/audio_guided_attention_full_35_run3
/hpctmp/scratch/e0968015/mosei/FusionRuns/audio_guided_attn_run3
/hpctmp/scratch/e0968015/mosei/FusionRuns/bibimodal_fusion_full_35_run3
/hpctmp/scratch/e0968015/mosei/FusionRuns/bibimodal_fusion_run3
/hpctmp/scratch/e0968015/mosei/FusionRuns/cluster_analysis_mosei_a35_run3
/hpctmp/scratch/e0968015/mosei/FusionRuns/early_fusion_full_35_run3
/hpctmp/scratch/e0968015/mosei/FusionRuns/early_fusion_run3
/hpctmp/scratch/e0968015/mosei/FusionRuns/graph_fusion_full_35_run3
/hpctmp/scratch/e0968015/mosei/FusionRuns/graph_fusion_run3
/hpctmp/scratch/e0968015/mosei/FusionRuns/kernel_fusion_full_35_run3
/hpctmp/scratch/e0968015/mosei/FusionRuns/kernel_fusion_run3
/hpctmp/scratch/e0968015/mosei/FusionRuns/lowrank_fusion_full_35_run3
/hpctmp/scratch/e0968015/mosei/FusionRuns/lowrank_fusion_run3
/hpctmp/scratch/e0968015/mosei/FusionRuns/posthoc_audio_vs_vision_run3
/hpctmp/scratch/e0968015/mosei/FusionRuns/tensor_fusion_full_35_run3
/hpctmp/scratch/e0968015/mosei/FusionRuns/tensor_fusion_run3
/hpctmp/scratch/e0968015/mosei/FusionRuns/text_guided_attention_full_35_run3
/hpctmp/scratch/e0968015/mosei/FusionRuns/text_guided_attention_fusion_run3
/hpctmp/scratch/e0968015/mosei/FusionRuns/trimodal_attention_fusion_run3
/hpctmp/scratch/e0968015/mosei/FusionRuns/triodal_attention_full_35_run3
/hpctmp/scratch/e0968015/mosei/FusionRuns/vision_guided_attention_full_35_run3
/hpctmp/scratch/e0968015/mosei/FusionRuns/vision_guided_attn_run3
[INFO] Starting clustering analysis...
/home/svu/e0968015/.conda/envs/msa-unimodal/lib/python3.10/site-packages/sklearn/manifold/_t_sne.py:996: FutureWarning: The PCA initialization in TSNE will change to have the standard deviation of PC1 equal to 1e-4 in 1.2. This will ensure better convergence.
  warnings.warn(
/home/svu/e0968015/.conda/envs/msa-unimodal/lib/python3.10/site-packages/sklearn/manifold/_t_sne.py:996: FutureWarning: The PCA initialization in TSNE will change to have the standard deviation of PC1 equal to 1e-4 in 1.2. This will ensure better convergence.
  warnings.warn(
[scan] Finding preds_test.json files...
[scan] Found 9 files
  - /hpctmp/scratch/e0968015/mosei/FusionRuns/audio_guided_attn_run3/preds_test.json
  - /hpctmp/scratch/e0968015/mosei/FusionRuns/bibimodal_fusion_run3/preds_test.json
  - /hpctmp/scratch/e0968015/mosei/FusionRuns/early_fusion_run3/preds_test.json
  - /hpctmp/scratch/e0968015/mosei/FusionRuns/kernel_fusion_run3/preds_test.json
  - /hpctmp/scratch/e0968015/mosei/FusionRuns/lowrank_fusion_full_35_run3/preds_test.json
  - /hpctmp/scratch/e0968015/mosei/FusionRuns/lowrank_fusion_run3/preds_test.json
  - /hpctmp/scratch/e0968015/mosei/FusionRuns/text_guided_attention_fusion_run3/preds_test.json
  - /hpctmp/scratch/e0968015/mosei/FusionRuns/trimodal_attention_fusion_run3/preds_test.json
  - /hpctmp/scratch/e0968015/mosei/FusionRuns/vision_guided_attn_run3/preds_test.json
[load] /hpctmp/scratch/e0968015/mosei/FusionRuns/audio_guided_attn_run3/preds_test.json -> Audio-Guided Attention (1034 rows)
[load] /hpctmp/scratch/e0968015/mosei/FusionRuns/bibimodal_fusion_run3/preds_test.json -> Bi-modal Fusion (1034 rows)
[load] /hpctmp/scratch/e0968015/mosei/FusionRuns/early_fusion_run3/preds_test.json -> Early Fusion (1034 rows)
[load] /hpctmp/scratch/e0968015/mosei/FusionRuns/kernel_fusion_run3/preds_test.json -> Kernel Fusion (1034 rows)
[load] /hpctmp/scratch/e0968015/mosei/FusionRuns/lowrank_fusion_full_35_run3/preds_test.json -> Low-Rank Fusion (4659 rows)
[load] /hpctmp/scratch/e0968015/mosei/FusionRuns/lowrank_fusion_run3/preds_test.json -> Low-Rank Fusion (1034 rows)
[load] /hpctmp/scratch/e0968015/mosei/FusionRuns/text_guided_attention_fusion_run3/preds_test.json -> Text-Guided Attention (1034 rows)
[load] /hpctmp/scratch/e0968015/mosei/FusionRuns/trimodal_attention_fusion_run3/preds_test.json -> Tri-Modal Attention (1034 rows)
[load] /hpctmp/scratch/e0968015/mosei/FusionRuns/vision_guided_attn_run3/preds_test.json -> Vision-Guided Attention (1034 rows)

[summary] Loaded methods by dataset/audio_dim:
  - mosei A35: 9 methods -> ['Audio-Guided Attention', 'Bi-modal Fusion', 'Early Fusion', 'Kernel Fusion', 'Low-Rank Fusion', 'Low-Rank Fusion', 'Text-Guided Attention', 'Tri-Modal Attention', 'Vision-Guided Attention']

[group] mosei_A35 | rows=12931
[group] methods: ['Audio-Guided Attention', 'Bi-modal Fusion', 'Early Fusion', 'Kernel Fusion', 'Low-Rank Fusion', 'Text-Guided Attention', 'Tri-Modal Attention', 'Vision-Guided Attention']

  [mode] abs
[align] Dropped 3625 utterances with missing method predictions (mode=abs)
wide_df keys: Index(['id', 'raw_text', 'y_true', 'dataset', 'audio_dim',
       'Audio-Guided Attention', 'Bi-modal Fusion', 'Early Fusion',
       'Kernel Fusion', 'Low-Rank Fusion', 'Text-Guided Attention',
       'Tri-Modal Attention', 'Vision-Guided Attention',
       'yhat__Audio-Guided Attention', 'yhat__Bi-modal Fusion',
       'yhat__Early Fusion', 'yhat__Kernel Fusion', 'yhat__Low-Rank Fusion',
       'yhat__Text-Guided Attention', 'yhat__Tri-Modal Attention',
       'yhat__Vision-Guided Attention'],
      dtype='object')
  [matrix] X shape = (1034, 8) | methods=8
  [done] Saved outputs to /hpctmp/scratch/e0968015/mosei/FusionRuns/cluster_analysis_mosei_a35_run6/mosei_A35
  [clusters] sizes:
 cluster  size      pct
       0   202 0.195358
       1    49 0.047389
       2   118 0.114120
       3    79 0.076402
       4    99 0.095745
       5   305 0.294971
       6   152 0.147002
       7    30 0.029014

  [mode] signed
[align] Dropped 3625 utterances with missing method predictions (mode=signed)
wide_df keys: Index(['id', 'raw_text', 'y_true', 'dataset', 'audio_dim',
       'Audio-Guided Attention', 'Bi-modal Fusion', 'Early Fusion',
       'Kernel Fusion', 'Low-Rank Fusion', 'Text-Guided Attention',
       'Tri-Modal Attention', 'Vision-Guided Attention',
       'yhat__Audio-Guided Attention', 'yhat__Bi-modal Fusion',
       'yhat__Early Fusion', 'yhat__Kernel Fusion', 'yhat__Low-Rank Fusion',
       'yhat__Text-Guided Attention', 'yhat__Tri-Modal Attention',
       'yhat__Vision-Guided Attention'],
      dtype='object')
  [matrix] X shape = (1034, 8) | methods=8
  [done] Saved outputs to /hpctmp/scratch/e0968015/mosei/FusionRuns/cluster_analysis_mosei_a35_run6/mosei_A35
  [clusters] sizes:
 cluster  size      pct
       0   107 0.103482
       1   174 0.168279
       2   263 0.254352
       3    33 0.031915
       4    36 0.034816
       5   149 0.144101
       6    84 0.081238
       7   188 0.181818

[done] Clustering analysis complete.
[INFO] Python exit status: 0
[INFO] Runtime (s): 38
[INFO] Output files in /hpctmp/scratch/e0968015/mosei/FusionRuns/cluster_analysis_mosei_a35_run6:
/hpctmp/scratch/e0968015/mosei/FusionRuns/cluster_analysis_mosei_a35_run6/mosei_A35/abs_cluster0_clips_with_predictions.csv
/hpctmp/scratch/e0968015/mosei/FusionRuns/cluster_analysis_mosei_a35_run6/mosei_A35/abs_cluster1_clips_with_predictions.csv
/hpctmp/scratch/e0968015/mosei/FusionRuns/cluster_analysis_mosei_a35_run6/mosei_A35/abs_cluster2_clips_with_predictions.csv
/hpctmp/scratch/e0968015/mosei/FusionRuns/cluster_analysis_mosei_a35_run6/mosei_A35/abs_cluster3_clips_with_predictions.csv
/hpctmp/scratch/e0968015/mosei/FusionRuns/cluster_analysis_mosei_a35_run6/mosei_A35/abs_cluster4_clips_with_predictions.csv
/hpctmp/scratch/e0968015/mosei/FusionRuns/cluster_analysis_mosei_a35_run6/mosei_A35/abs_cluster5_clips_with_predictions.csv
/hpctmp/scratch/e0968015/mosei/FusionRuns/cluster_analysis_mosei_a35_run6/mosei_A35/abs_cluster6_clips_with_predictions.csv
/hpctmp/scratch/e0968015/mosei/FusionRuns/cluster_analysis_mosei_a35_run6/mosei_A35/abs_cluster7_clips_with_predictions.csv
/hpctmp/scratch/e0968015/mosei/FusionRuns/cluster_analysis_mosei_a35_run6/mosei_A35/abs_cluster_centroids.csv
/hpctmp/scratch/e0968015/mosei/FusionRuns/cluster_analysis_mosei_a35_run6/mosei_A35/abs_clustered_utterances.csv
/hpctmp/scratch/e0968015/mosei/FusionRuns/cluster_analysis_mosei_a35_run6/mosei_A35/abs_clusters_pca.png
/hpctmp/scratch/e0968015/mosei/FusionRuns/cluster_analysis_mosei_a35_run6/mosei_A35/abs_clusters_tsne.png
/hpctmp/scratch/e0968015/mosei/FusionRuns/cluster_analysis_mosei_a35_run6/mosei_A35/abs_cluster_summary.csv
/hpctmp/scratch/e0968015/mosei/FusionRuns/cluster_analysis_mosei_a35_run6/mosei_A35/abs_method_feature_stats.csv
/hpctmp/scratch/e0968015/mosei/FusionRuns/cluster_analysis_mosei_a35_run6/mosei_A35/abs_pca_variance.png
/hpctmp/scratch/e0968015/mosei/FusionRuns/cluster_analysis_mosei_a35_run6/mosei_A35/signed_cluster0_clips_with_predictions.csv
/hpctmp/scratch/e0968015/mosei/FusionRuns/cluster_analysis_mosei_a35_run6/mosei_A35/signed_cluster1_clips_with_predictions.csv
/hpctmp/scratch/e0968015/mosei/FusionRuns/cluster_analysis_mosei_a35_run6/mosei_A35/signed_cluster2_clips_with_predictions.csv
/hpctmp/scratch/e0968015/mosei/FusionRuns/cluster_analysis_mosei_a35_run6/mosei_A35/signed_cluster3_clips_with_predictions.csv
/hpctmp/scratch/e0968015/mosei/FusionRuns/cluster_analysis_mosei_a35_run6/mosei_A35/signed_cluster4_clips_with_predictions.csv
/hpctmp/scratch/e0968015/mosei/FusionRuns/cluster_analysis_mosei_a35_run6/mosei_A35/signed_cluster5_clips_with_predictions.csv
/hpctmp/scratch/e0968015/mosei/FusionRuns/cluster_analysis_mosei_a35_run6/mosei_A35/signed_cluster6_clips_with_predictions.csv
/hpctmp/scratch/e0968015/mosei/FusionRuns/cluster_analysis_mosei_a35_run6/mosei_A35/signed_cluster7_clips_with_predictions.csv
/hpctmp/scratch/e0968015/mosei/FusionRuns/cluster_analysis_mosei_a35_run6/mosei_A35/signed_cluster_centroids.csv
/hpctmp/scratch/e0968015/mosei/FusionRuns/cluster_analysis_mosei_a35_run6/mosei_A35/signed_clustered_utterances.csv
/hpctmp/scratch/e0968015/mosei/FusionRuns/cluster_analysis_mosei_a35_run6/mosei_A35/signed_clusters_pca.png
/hpctmp/scratch/e0968015/mosei/FusionRuns/cluster_analysis_mosei_a35_run6/mosei_A35/signed_clusters_tsne.png
/hpctmp/scratch/e0968015/mosei/FusionRuns/cluster_analysis_mosei_a35_run6/mosei_A35/signed_cluster_summary.csv
/hpctmp/scratch/e0968015/mosei/FusionRuns/cluster_analysis_mosei_a35_run6/mosei_A35/signed_method_feature_stats.csv
/hpctmp/scratch/e0968015/mosei/FusionRuns/cluster_analysis_mosei_a35_run6/mosei_A35/signed_pca_variance.png
========================================
Cluster Analysis PBS Job Ended
Time       : Thu Mar 12 22:04:25 +08 2026
Exit status: 0
Log file   : /home/svu/e0968015/analysis/logs/cluster_20260312_220326_377118.venus01.log
========================================
