========================================
Cluster Analysis PBS Job Started
Time	 : Mon Mar  9 17:01:13 +08 2026
Host	 : cnode-33-43-25
Job ID     : 375654.venus01
Workdir    : /home/svu/e0968015/analysis
Log file   : /home/svu/e0968015/analysis/logs/cluster_20260309_170113_375654.venus01.log
========================================
[INFO] PBS queue info
  PBS_QUEUE      = parallel
  PBS_NODEFILE   = /var/spool/pbs/aux/375654.venus01
  PBS_NP         = N/A
[INFO] Allocated nodes:
     12 cnode-33-43-25
Loading anaconda3
  Loading requirement: /app1/modules/root/NUSREC gcc-4.8.2
[INFO] Python path: /home/svu/e0968015/.conda/envs/msa-fet/bin/python
[INFO] Python version: Python 3.9.13
[info] total rows: 400
[info] missing files: 0
[progress] 50/400 processed
[progress] 100/400 processed
[progress] 150/400 processed
[progress] 200/400 processed
[progress] 250/400 processed
[progress] 300/400 processed
[progress] 350/400 processed
[progress] 400/400 processed
[done] wrote: /hpctmp/scratch/e0968015/mosei/FusionRuns/posthoc_audio_vs_vision_run3/mosei_A35_topwins_audio_prosody.csv
[done] wrote: /hpctmp/scratch/e0968015/mosei/FusionRuns/posthoc_audio_vs_vision_run3/mosei_A35_topwins_audio_prosody_summary.csv

[counts] by group x sentiment_class:
     group sentiment_class  n
 audio_win        negative 34
 audio_win         neutral 33
 audio_win        positive 30
 audio_win weakly_negative 37
 audio_win weakly_positive 66
vision_win        negative 17
vision_win         neutral 41
vision_win        positive  5
vision_win weakly_negative 45
vision_win weakly_positive 92
