========================================
Cluster Analysis PBS Job Started
Time       : Mon Mar  9 23:32:41 +08 2026
Host       : cnode-33-43-32
Job ID     : 375744.venus01
Workdir    : /home/svu/e0968015/analysis
Log file   : /home/svu/e0968015/analysis/logs/cluster_20260309_233241_375744.venus01.log
========================================
[INFO] PBS queue info
  PBS_QUEUE      = parallel
  PBS_NODEFILE   = /var/spool/pbs/aux/375744.venus01
  PBS_NP         = N/A
[INFO] Allocated nodes:
     12 cnode-33-43-32
Loading anaconda3
  Loading requirement: /app1/modules/root/NUSREC gcc-4.8.2
[INFO] Python path: /home/svu/e0968015/.conda/envs/msa-fet/bin/python
[INFO] Python version: Python 3.9.13
[INFO] SCRIPT_PATH = /home/svu/e0968015/analysis/cluster_analysis.py
[INFO] ROOT_DIR    = /hpctmp/scratch/e0968015/chsims/FusionRuns
[INFO] OUT_DIR     = /hpctmp/scratch/e0968015/chsims/FusionRuns/cluster_analysis_chsims_a35_run2
[INFO] Running pre-flight checks...
[INFO] Listing matching run folders (preview):
/hpctmp/scratch/e0968015/chsims/FusionRuns/audio_guided_attn_run3
/hpctmp/scratch/e0968015/chsims/FusionRuns/bibimodal_fusion_run3
/hpctmp/scratch/e0968015/chsims/FusionRuns/cluster_analysis_chsims_a35_run3
/hpctmp/scratch/e0968015/chsims/FusionRuns/early_fusion_run3
/hpctmp/scratch/e0968015/chsims/FusionRuns/graph_fusion_run3
/hpctmp/scratch/e0968015/chsims/FusionRuns/kernel_fusion_run3
/hpctmp/scratch/e0968015/chsims/FusionRuns/lowrank_fusion_run3
/hpctmp/scratch/e0968015/chsims/FusionRuns/posthoc_audio_vs_vision_run3
/hpctmp/scratch/e0968015/chsims/FusionRuns/tensor_fusion_run3
/hpctmp/scratch/e0968015/chsims/FusionRuns/text_guided_attention_run3
/hpctmp/scratch/e0968015/chsims/FusionRuns/trimodal_attention_run3
/hpctmp/scratch/e0968015/chsims/FusionRuns/vision_guided_attn_run3
[INFO] Starting clustering analysis...
[nltk_data] Downloading package stopwords to
[nltk_data]     /home/svu/e0968015/nltk_data...
[nltk_data]   Package stopwords is already up-to-date!
[scan] Found 4 input CSVs
  - /hpctmp/scratch/e0968015/chsims/FusionRuns/cluster_analysis_chsims_a35_run2/chsims_A35/abs_cluster0_clips_with_predictions.csv
  - /hpctmp/scratch/e0968015/chsims/FusionRuns/cluster_analysis_chsims_a35_run2/chsims_A35/abs_cluster1_clips_with_predictions.csv
  - /hpctmp/scratch/e0968015/chsims/FusionRuns/cluster_analysis_chsims_a35_run2/chsims_A35/abs_cluster2_clips_with_predictions.csv
  - /hpctmp/scratch/e0968015/chsims/FusionRuns/cluster_analysis_chsims_a35_run2/chsims_A35/abs_cluster3_clips_with_predictions.csv
[step] prediction-pattern features...
[step] text engineered features...
Traceback (most recent call last):
  File "/home/svu/e0968015/analysis/cluster_analysis.py", line 559, in <module>
    main()
  File "/home/svu/e0968015/analysis/cluster_analysis.py", line 526, in main
    write_top_tokens_csv(top_overall, top_overall_csv)
  File "/home/svu/e0968015/analysis/cluster_analysis.py", line 401, in write_top_tokens_csv
    pd.DataFrame(rows).to_csv(out_path, index=False, encoding="utf-8-sig")
  File "/home/svu/e0968015/.conda/envs/msa-fet/lib/python3.9/site-packages/pandas/util/_decorators.py", line 333, in wrapper
    return func(*args, **kwargs)
  File "/home/svu/e0968015/.conda/envs/msa-fet/lib/python3.9/site-packages/pandas/core/generic.py", line 3986, in to_csv
    return DataFrameRenderer(formatter).to_csv(
  File "/home/svu/e0968015/.conda/envs/msa-fet/lib/python3.9/site-packages/pandas/io/formats/format.py", line 1014, in to_csv
    csv_formatter.save()
  File "/home/svu/e0968015/.conda/envs/msa-fet/lib/python3.9/site-packages/pandas/io/formats/csvs.py", line 251, in save
    with get_handle(
  File "/home/svu/e0968015/.conda/envs/msa-fet/lib/python3.9/site-packages/pandas/io/common.py", line 749, in get_handle
    check_parent_directory(str(handle))
  File "/home/svu/e0968015/.conda/envs/msa-fet/lib/python3.9/site-packages/pandas/io/common.py", line 616, in check_parent_directory
    raise OSError(rf"Cannot save file into a non-existent directory: '{parent}'")
OSError: Cannot save file into a non-existent directory: '/hpctmp/scratch/e0968015/chsims/FusionRuns/cluster_analysis/chsims_A35/posthoc'
