========================================
Cluster Analysis PBS Job Started
Time       : Thu Mar 12 21:28:01 +08 2026
Host       : cnode-33-43-23
Job ID     : 377103.venus01
Workdir    : /home/svu/e0968015/analysis
Log file   : /home/svu/e0968015/analysis/logs/cluster_20260312_212801_377103.venus01.log
========================================
[INFO] PBS queue info
  PBS_QUEUE      = parallel
  PBS_NODEFILE   = /var/spool/pbs/aux/377103.venus01
  PBS_NP         = N/A
[INFO] Allocated nodes:
     12 cnode-33-43-23
Loading anaconda3
  Loading requirement: /app1/modules/root/NUSREC gcc-4.8.2
[INFO] Python path: /home/svu/e0968015/.conda/envs/msa-unimodal/bin/python
[INFO] Python version: Python 3.10.6
[INFO] SCRIPT_PATH = /home/svu/e0968015/analysis/clustering.py
[INFO] ROOT_DIR    = /hpctmp/scratch/e0968015/chsims/FusionRuns
[INFO] OUT_DIR     = /hpctmp/scratch/e0968015/chsims/FusionRuns/cluster_analysis_chsims_a35_run5
[INFO] Running pre-flight checks...
[INFO] Listing matching run folders (preview):
/hpctmp/scratch/e0968015/chsims/FusionRuns/audio_guided_attn_run3
/hpctmp/scratch/e0968015/chsims/FusionRuns/bibimodal_fusion_run3
/hpctmp/scratch/e0968015/chsims/FusionRuns/cluster_analysis_chsims_a35_run3
/hpctmp/scratch/e0968015/chsims/FusionRuns/early_fusion_run3
/hpctmp/scratch/e0968015/chsims/FusionRuns/graph_fusion_run3
/hpctmp/scratch/e0968015/chsims/FusionRuns/kernel_fusion_run3
/hpctmp/scratch/e0968015/chsims/FusionRuns/lowrank_fusion_run3
/hpctmp/scratch/e0968015/chsims/FusionRuns/posthoc_audio_vs_vision_run3
/hpctmp/scratch/e0968015/chsims/FusionRuns/tensor_fusion_run3
/hpctmp/scratch/e0968015/chsims/FusionRuns/text_guided_attention_run3
/hpctmp/scratch/e0968015/chsims/FusionRuns/trimodal_attention_run3
/hpctmp/scratch/e0968015/chsims/FusionRuns/vision_guided_attn_run3
[INFO] Starting clustering analysis...
/home/svu/e0968015/.conda/envs/msa-unimodal/lib/python3.10/site-packages/sklearn/manifold/_t_sne.py:996: FutureWarning: The PCA initialization in TSNE will change to have the standard deviation of PC1 equal to 1e-4 in 1.2. This will ensure better convergence.
  warnings.warn(
/home/svu/e0968015/.conda/envs/msa-unimodal/lib/python3.10/site-packages/sklearn/manifold/_t_sne.py:996: FutureWarning: The PCA initialization in TSNE will change to have the standard deviation of PC1 equal to 1e-4 in 1.2. This will ensure better convergence.
  warnings.warn(
[scan] Finding preds_test.json files...
[scan] Found 8 files
  - /hpctmp/scratch/e0968015/chsims/FusionRuns/audio_guided_attn_run3/preds_test.json
  - /hpctmp/scratch/e0968015/chsims/FusionRuns/bibimodal_fusion_run3/preds_test.json
  - /hpctmp/scratch/e0968015/chsims/FusionRuns/early_fusion_run3/preds_test.json
  - /hpctmp/scratch/e0968015/chsims/FusionRuns/kernel_fusion_run3/preds_test.json
  - /hpctmp/scratch/e0968015/chsims/FusionRuns/lowrank_fusion_run3/preds_test.json
  - /hpctmp/scratch/e0968015/chsims/FusionRuns/text_guided_attention_run3/preds_test.json
  - /hpctmp/scratch/e0968015/chsims/FusionRuns/trimodal_attention_run3/preds_test.json
  - /hpctmp/scratch/e0968015/chsims/FusionRuns/vision_guided_attn_run3/preds_test.json
[load] /hpctmp/scratch/e0968015/chsims/FusionRuns/audio_guided_attn_run3/preds_test.json -> Audio-Guided Attention (1034 rows)
[load] /hpctmp/scratch/e0968015/chsims/FusionRuns/bibimodal_fusion_run3/preds_test.json -> Bi-modal Fusion (1034 rows)
[load] /hpctmp/scratch/e0968015/chsims/FusionRuns/early_fusion_run3/preds_test.json -> Early Fusion (1034 rows)
[load] /hpctmp/scratch/e0968015/chsims/FusionRuns/kernel_fusion_run3/preds_test.json -> Kernel Fusion (1034 rows)
[load] /hpctmp/scratch/e0968015/chsims/FusionRuns/lowrank_fusion_run3/preds_test.json -> Low-Rank Fusion (1034 rows)
[load] /hpctmp/scratch/e0968015/chsims/FusionRuns/text_guided_attention_run3/preds_test.json -> Text-Guided Attention (1034 rows)
[load] /hpctmp/scratch/e0968015/chsims/FusionRuns/trimodal_attention_run3/preds_test.json -> Tri-Modal Attention (1034 rows)
[load] /hpctmp/scratch/e0968015/chsims/FusionRuns/vision_guided_attn_run3/preds_test.json -> Vision-Guided Attention (1034 rows)

[summary] Loaded methods by dataset/audio_dim:
  - chsims A35: 8 methods -> ['Audio-Guided Attention', 'Bi-modal Fusion', 'Early Fusion', 'Kernel Fusion', 'Low-Rank Fusion', 'Text-Guided Attention', 'Tri-Modal Attention', 'Vision-Guided Attention']

[group] chsims_A35 | rows=8272
[group] methods: ['Audio-Guided Attention', 'Bi-modal Fusion', 'Early Fusion', 'Kernel Fusion', 'Low-Rank Fusion', 'Text-Guided Attention', 'Tri-Modal Attention', 'Vision-Guided Attention']

  [mode] abs
wide_df keys: Index(['id', 'raw_text', 'y_true', 'dataset', 'audio_dim',
       'Audio-Guided Attention', 'Bi-modal Fusion', 'Early Fusion',
       'Kernel Fusion', 'Low-Rank Fusion', 'Text-Guided Attention',
       'Tri-Modal Attention', 'Vision-Guided Attention',
       'yhat__Audio-Guided Attention', 'yhat__Bi-modal Fusion',
       'yhat__Early Fusion', 'yhat__Kernel Fusion', 'yhat__Low-Rank Fusion',
       'yhat__Text-Guided Attention', 'yhat__Tri-Modal Attention',
       'yhat__Vision-Guided Attention'],
      dtype='object')
  [matrix] X shape = (1034, 8) | methods=8
  [done] Saved outputs to /hpctmp/scratch/e0968015/chsims/FusionRuns/cluster_analysis_chsims_a35_run5/chsims_A35
  [clusters] sizes:
 cluster  size      pct
       0   151 0.146035
       1    79 0.076402
       2   399 0.385880
       3    61 0.058994
       4   114 0.110251
       5    37 0.035783
       6   193 0.186654

  [mode] signed
wide_df keys: Index(['id', 'raw_text', 'y_true', 'dataset', 'audio_dim',
       'Audio-Guided Attention', 'Bi-modal Fusion', 'Early Fusion',
       'Kernel Fusion', 'Low-Rank Fusion', 'Text-Guided Attention',
       'Tri-Modal Attention', 'Vision-Guided Attention',
       'yhat__Audio-Guided Attention', 'yhat__Bi-modal Fusion',
       'yhat__Early Fusion', 'yhat__Kernel Fusion', 'yhat__Low-Rank Fusion',
       'yhat__Text-Guided Attention', 'yhat__Tri-Modal Attention',
       'yhat__Vision-Guided Attention'],
      dtype='object')
  [matrix] X shape = (1034, 8) | methods=8
  [done] Saved outputs to /hpctmp/scratch/e0968015/chsims/FusionRuns/cluster_analysis_chsims_a35_run5/chsims_A35
  [clusters] sizes:
 cluster  size      pct
       0   206 0.199226
       1   265 0.256286
       2   122 0.117988
       3    94 0.090909
       4   287 0.277563
       5    29 0.028046
       6    31 0.029981

[done] Clustering analysis complete.
[INFO] Python exit status: 0
[INFO] Runtime (s): 41
[INFO] Output files in /hpctmp/scratch/e0968015/chsims/FusionRuns/cluster_analysis_chsims_a35_run5:
/hpctmp/scratch/e0968015/chsims/FusionRuns/cluster_analysis_chsims_a35_run5/chsims_A35/abs_cluster0_clips_with_predictions.csv
/hpctmp/scratch/e0968015/chsims/FusionRuns/cluster_analysis_chsims_a35_run5/chsims_A35/abs_cluster1_clips_with_predictions.csv
/hpctmp/scratch/e0968015/chsims/FusionRuns/cluster_analysis_chsims_a35_run5/chsims_A35/abs_cluster2_clips_with_predictions.csv
/hpctmp/scratch/e0968015/chsims/FusionRuns/cluster_analysis_chsims_a35_run5/chsims_A35/abs_cluster3_clips_with_predictions.csv
/hpctmp/scratch/e0968015/chsims/FusionRuns/cluster_analysis_chsims_a35_run5/chsims_A35/abs_cluster4_clips_with_predictions.csv
/hpctmp/scratch/e0968015/chsims/FusionRuns/cluster_analysis_chsims_a35_run5/chsims_A35/abs_cluster5_clips_with_predictions.csv
/hpctmp/scratch/e0968015/chsims/FusionRuns/cluster_analysis_chsims_a35_run5/chsims_A35/abs_cluster6_clips_with_predictions.csv
/hpctmp/scratch/e0968015/chsims/FusionRuns/cluster_analysis_chsims_a35_run5/chsims_A35/abs_cluster_centroids.csv
/hpctmp/scratch/e0968015/chsims/FusionRuns/cluster_analysis_chsims_a35_run5/chsims_A35/abs_clustered_utterances.csv
/hpctmp/scratch/e0968015/chsims/FusionRuns/cluster_analysis_chsims_a35_run5/chsims_A35/abs_clusters_pca.png
/hpctmp/scratch/e0968015/chsims/FusionRuns/cluster_analysis_chsims_a35_run5/chsims_A35/abs_clusters_tsne.png
/hpctmp/scratch/e0968015/chsims/FusionRuns/cluster_analysis_chsims_a35_run5/chsims_A35/abs_cluster_summary.csv
/hpctmp/scratch/e0968015/chsims/FusionRuns/cluster_analysis_chsims_a35_run5/chsims_A35/abs_method_feature_stats.csv
/hpctmp/scratch/e0968015/chsims/FusionRuns/cluster_analysis_chsims_a35_run5/chsims_A35/abs_pca_variance.png
/hpctmp/scratch/e0968015/chsims/FusionRuns/cluster_analysis_chsims_a35_run5/chsims_A35/signed_cluster0_clips_with_predictions.csv
/hpctmp/scratch/e0968015/chsims/FusionRuns/cluster_analysis_chsims_a35_run5/chsims_A35/signed_cluster1_clips_with_predictions.csv
/hpctmp/scratch/e0968015/chsims/FusionRuns/cluster_analysis_chsims_a35_run5/chsims_A35/signed_cluster2_clips_with_predictions.csv
/hpctmp/scratch/e0968015/chsims/FusionRuns/cluster_analysis_chsims_a35_run5/chsims_A35/signed_cluster3_clips_with_predictions.csv
/hpctmp/scratch/e0968015/chsims/FusionRuns/cluster_analysis_chsims_a35_run5/chsims_A35/signed_cluster4_clips_with_predictions.csv
/hpctmp/scratch/e0968015/chsims/FusionRuns/cluster_analysis_chsims_a35_run5/chsims_A35/signed_cluster5_clips_with_predictions.csv
/hpctmp/scratch/e0968015/chsims/FusionRuns/cluster_analysis_chsims_a35_run5/chsims_A35/signed_cluster6_clips_with_predictions.csv
/hpctmp/scratch/e0968015/chsims/FusionRuns/cluster_analysis_chsims_a35_run5/chsims_A35/signed_cluster_centroids.csv
/hpctmp/scratch/e0968015/chsims/FusionRuns/cluster_analysis_chsims_a35_run5/chsims_A35/signed_clustered_utterances.csv
/hpctmp/scratch/e0968015/chsims/FusionRuns/cluster_analysis_chsims_a35_run5/chsims_A35/signed_clusters_pca.png
/hpctmp/scratch/e0968015/chsims/FusionRuns/cluster_analysis_chsims_a35_run5/chsims_A35/signed_clusters_tsne.png
/hpctmp/scratch/e0968015/chsims/FusionRuns/cluster_analysis_chsims_a35_run5/chsims_A35/signed_cluster_summary.csv
/hpctmp/scratch/e0968015/chsims/FusionRuns/cluster_analysis_chsims_a35_run5/chsims_A35/signed_method_feature_stats.csv
/hpctmp/scratch/e0968015/chsims/FusionRuns/cluster_analysis_chsims_a35_run5/chsims_A35/signed_pca_variance.png
========================================
Cluster Analysis PBS Job Ended
Time       : Thu Mar 12 21:29:08 +08 2026
Exit status: 0
Log file   : /home/svu/e0968015/analysis/logs/cluster_20260312_212801_377103.venus01.log
========================================
