========================================
Cluster Analysis PBS Job Started
Time	 : Mon Mar  9 16:19:12 +08 2026
Host	 : cnode-33-43-21
Job ID     : 375640.venus01
Workdir    : /home/svu/e0968015/analysis
Log file   : /home/svu/e0968015/analysis/logs/cluster_20260309_161912_375640.venus01.log
========================================
[INFO] PBS queue info
  PBS_QUEUE      = parallel
  PBS_NODEFILE   = /var/spool/pbs/aux/375640.venus01
  PBS_NP         = N/A
[INFO] Allocated nodes:
     12 cnode-33-43-21
Loading anaconda3
  Loading requirement: /app1/modules/root/NUSREC gcc-4.8.2
[INFO] Python path: /home/svu/e0968015/.conda/envs/msa-fet/bin/python
[INFO] Python version: Python 3.9.13
[info] total rows: 400
[info] missing files: 0
[progress] 50/400 processed
[progress] 100/400 processed
[progress] 150/400 processed
[progress] 200/400 processed
[progress] 250/400 processed
[progress] 300/400 processed
[progress] 350/400 processed
[progress] 400/400 processed
[done] wrote: /hpctmp/scratch/e0968015/chsims/FusionRuns/posthoc_audio_vs_vision_run3/chsims_A35_topwins_audio_prosody.csv
[done] wrote: /hpctmp/scratch/e0968015/chsims/FusionRuns/posthoc_audio_vs_vision_run3/chsims_A35_topwins_audio_prosody_summary.csv

[counts] by group x sentiment_class:
     group sentiment_class  n
 audio_win        negative 39
 audio_win         neutral 31
 audio_win           other  1
 audio_win        positive 34
 audio_win weakly_negative 69
 audio_win weakly_positive 26
vision_win        negative 48
vision_win         neutral 14
vision_win        positive 30
vision_win weakly_negative 29
vision_win weakly_positive 79
